Component: ARM Compiler 5.05 update 1 (build 106) Tool: armlink [4d0efa]

==============================================================================

Section Cross References

    main.o(.text) refers to lcd.o(.text) for LCD_Fill
    main.o(.text) refers to as608.o(.text) for EnsureMessage
    main.o(.text) refers to text.o(.text) for Show_Str_Mid
    main.o(.text) refers to stm32f10x_gpio.o(.text) for GPIO_SetBits
    main.o(.text) refers to malloc.o(.text) for mymalloc
    main.o(.text) refers to printf8.o(i.__0sprintf$8) for __2sprintf
    main.o(.text) refers to bc95.o(.text) for bc95_send_data
    main.o(.text) refers to delay.o(.text) for delay_ms
    main.o(.text) refers to lcd.o(.bss) for lcddev
    main.o(.text) refers to main.o(.bss) for AS608Para
    main.o(.text) refers to main.o(.data) for kbd_tbl
    main.o(.text) refers to touch.o(.data) for tp_dev
    main.o(.text) refers to lcd.o(.data) for POINT_COLOR
    main.o(.text) refers to misc.o(.text) for NVIC_PriorityGroupConfig
    main.o(.text) refers to usart2.o(.text) for usart2_init
    main.o(.text) refers to usart3.o(.text) for usart3_init
    main.o(.text) refers to beep.o(.text) for BEEP_Init
    main.o(.text) refers to key.o(.text) for KEY_Init
    main.o(.text) refers to w25qxx.o(.text) for W25QXX_Init
    main.o(.text) refers to exfuns.o(.text) for exfuns_init
    main.o(.text) refers to ff.o(.text) for f_mount
    main.o(.text) refers to dht11.o(.text) for DHT11_Init
    main.o(.text) refers to fontupd.o(.text) for font_init
    main.o(.text) refers to mcu_config.o(.text) for timer_init_config
    main.o(.text) refers to strlen.o(.text) for strlen
    main.o(.text) refers to usart3.o(.data) for USART3_RX_STA
    main.o(.text) refers to usart3.o(.bss) for USART3_RX_BUF
    main.o(.text) refers to usmart_config.o(.data) for usmart_dev
    main.o(.text) refers to exfuns.o(.data) for fs
    main.o(.text) refers to as608.o(.data) for AS608Addr
    main.o(.data) refers to main.o(.conststring) for .conststring
    stm32f10x_it.o(.text) refers to systick.o(.text) for SysTickDelayTime_Counter
    stm32f10x_it.o(.text) refers to stm32f10x_tim.o(.text) for TIM_GetITStatus
    stm32f10x_it.o(.text) refers to stm32f10x_usart.o(.text) for USART_ReceiveData
    stm32f10x_it.o(.text) refers to mcu_config.o(.bss) for bc95_buf
    stm32f10x_it.o(.text) refers to mcu_config.o(.data) for buf_address
    system_stm32f10x.o(.text) refers to system_stm32f10x.o(.data) for SystemCoreClock
    key.o(.text) refers to stm32f10x_rcc.o(.text) for RCC_APB2PeriphClockCmd
    key.o(.text) refers to stm32f10x_gpio.o(.text) for GPIO_Init
    key.o(.text) refers to delay.o(.text) for delay_ms
    key.o(.text) refers to key.o(.data) for key_up
    lcd.o(.text) refers to delay.o(.text) for delay_us
    lcd.o(.text) refers to lcd.o(.bss) for lcddev
    lcd.o(.text) refers to lcd.o(.data) for POINT_COLOR
    lcd.o(.text) refers to dfltui.o(.text) for __aeabi_ui2d
    lcd.o(.text) refers to dmul.o(.text) for __aeabi_dmul
    lcd.o(.text) refers to dfixui.o(.text) for __aeabi_d2uiz
    lcd.o(.text) refers to stm32f10x_rcc.o(.text) for RCC_AHBPeriphClockCmd
    lcd.o(.text) refers to stm32f10x_gpio.o(.text) for GPIO_Init
    lcd.o(.text) refers to stm32f10x_fsmc.o(.text) for FSMC_NORSRAMInit
    lcd.o(.text) refers to lcd.o(.constdata) for asc2_1206
    spi.o(.text) refers to stm32f10x_spi.o(.text) for SPI_I2S_GetFlagStatus
    spi.o(.text) refers to stm32f10x_rcc.o(.text) for RCC_APB2PeriphClockCmd
    spi.o(.text) refers to stm32f10x_gpio.o(.text) for GPIO_Init
    w25qxx.o(.text) refers to spi.o(.text) for SPI2_ReadWriteByte
    w25qxx.o(.text) refers to stm32f10x_rcc.o(.text) for RCC_APB2PeriphClockCmd
    w25qxx.o(.text) refers to stm32f10x_gpio.o(.text) for GPIO_Init
    w25qxx.o(.text) refers to printf8.o(i.__0printf$8) for __2printf
    w25qxx.o(.text) refers to delay.o(.text) for delay_us
    w25qxx.o(.text) refers to w25qxx.o(.data) for W25QXX_TYPE
    w25qxx.o(.text) refers to w25qxx.o(.bss) for W25QXX_BUFFER
    24cxx.o(.text) refers to myiic.o(.text) for IIC_Init
    24cxx.o(.text) refers to delay.o(.text) for delay_ms
    ott2001a.o(.text) refers to ctiic.o(.text) for CT_IIC_Start
    ott2001a.o(.text) refers to stm32f10x_rcc.o(.text) for RCC_APB2PeriphClockCmd
    ott2001a.o(.text) refers to stm32f10x_gpio.o(.text) for GPIO_Init
    ott2001a.o(.text) refers to delay.o(.text) for delay_ms
    ott2001a.o(.text) refers to printf8.o(i.__0printf$8) for __2printf
    ott2001a.o(.text) refers to dflti.o(.text) for __aeabi_i2d
    ott2001a.o(.text) refers to dmul.o(.text) for __aeabi_dmul
    ott2001a.o(.text) refers to dfixui.o(.text) for __aeabi_d2uiz
    ott2001a.o(.text) refers to dadd.o(.text) for __aeabi_drsub
    ott2001a.o(.text) refers to ott2001a.o(.data) for t
    ott2001a.o(.text) refers to touch.o(.data) for tp_dev
    ott2001a.o(.text) refers to ott2001a.o(.constdata) for OTT_TPX_TBL
[...]
    LCD_Pow                                  0x08005abd   Thumb Code    22  lcd.o(.text)
    LCD_ShowNum                              0x08005ad3   Thumb Code   148  lcd.o(.text)
    LCD_ShowxNum                             0x08005b67   Thumb Code   220  lcd.o(.text)
    LCD_ShowString                           0x08005c43   Thumb Code   102  lcd.o(.text)
    SPI2_ReadWriteByte                       0x08005ca9   Thumb Code    78  spi.o(.text)
    SPI2_Init                                0x08005cf7   Thumb Code   140  spi.o(.text)
    SPI2_SetSpeed                            0x08005d83   Thumb Code    36  spi.o(.text)
    W25QXX_ReadID                            0x08005db1   Thumb Code    64  w25qxx.o(.text)
    W25QXX_Init                              0x08005df1   Thumb Code    74  w25qxx.o(.text)
    W25QXX_ReadSR                            0x08005e3b   Thumb Code    36  w25qxx.o(.text)
    W25QXX_Write_SR                          0x08005e5f   Thumb Code    32  w25qxx.o(.text)
    W25QXX_Write_Enable                      0x08005e7f   Thumb Code    24  w25qxx.o(.text)
    W25QXX_Write_Disable                     0x08005e97   Thumb Code    24  w25qxx.o(.text)
    W25QXX_Read                              0x08005eaf   Thumb Code    74  w25qxx.o(.text)
    W25QXX_Wait_Busy                         0x08005ef9   Thumb Code    18  w25qxx.o(.text)
    W25QXX_Write_Page                        0x08005f0b   Thumb Code    80  w25qxx.o(.text)
    W25QXX_Write_NoCheck                     0x08005f5b   Thumb Code    70  w25qxx.o(.text)
    W25QXX_Erase_Sector                      0x08005fa1   Thumb Code    70  w25qxx.o(.text)
    W25QXX_Write                             0x08005fe7   Thumb Code   180  w25qxx.o(.text)
    W25QXX_Erase_Chip                        0x0800609b   Thumb Code    36  w25qxx.o(.text)
    W25QXX_PowerDown                         0x080060bf   Thumb Code    30  w25qxx.o(.text)
    W25QXX_WAKEUP                            0x080060dd   Thumb Code    30  w25qxx.o(.text)
    AT24CXX_Init                             0x08006119   Thumb Code     8  24cxx.o(.text)
    AT24CXX_ReadOneByte                      0x08006121   Thumb Code    88  24cxx.o(.text)
    AT24CXX_WriteOneByte                     0x08006179   Thumb Code    80  24cxx.o(.text)
    AT24CXX_WriteLenByte                     0x080061c9   Thumb Code    42  24cxx.o(.text)
    AT24CXX_ReadLenByte                      0x080061f3   Thumb Code    44  24cxx.o(.text)
    AT24CXX_Check                            0x0800621f   Thumb Code    46  24cxx.o(.text)
    AT24CXX_Read                             0x0800624d   Thumb Code    34  24cxx.o(.text)
    AT24CXX_Write                            0x0800626f   Thumb Code    36  24cxx.o(.text)
    OTT2001A_WR_Reg                          0x08006295   Thumb Code    92  ott2001a.o(.text)
    OTT2001A_RD_Reg                          0x080062f1   Thumb Code    98  ott2001a.o(.text)
    OTT2001A_SensorControl                   0x08006353   Thumb Code    28  ott2001a.o(.text)
    OTT2001A_Init                            0x0800636f   Thumb Code   156  ott2001a.o(.text)
    OTT2001A_Scan                            0x0800640b   Thumb Code   446  ott2001a.o(.text)
    IIC_Init                                 0x08006601   Thumb Code    46  myiic.o(.text)
    IIC_Start                                0x0800662f   Thumb Code    64  myiic.o(.text)
    IIC_Stop                                 0x0800666f   Thumb Code    66  myiic.o(.text)
    IIC_Wait_Ack                             0x080066b1   Thumb Code    86  myiic.o(.text)
    IIC_Ack                                  0x08006707   Thumb Code    70  myiic.o(.text)
    IIC_NAck                                 0x0800674d   Thumb Code    70  myiic.o(.text)
    IIC_Send_Byte                            0x08006793   Thumb Code   104  myiic.o(.text)
    IIC_Read_Byte                            0x080067fb   Thumb Code   100  myiic.o(.text)
    CT_Delay                                 0x0800686d   Thumb Code    10  ctiic.o(.text)
    CT_IIC_Init                              0x08006877   Thumb Code    72  ctiic.o(.text)
    CT_IIC_Start                             0x080068bf   Thumb Code    66  ctiic.o(.text)
    CT_IIC_Stop                              0x08006901   Thumb Code    60  ctiic.o(.text)
    CT_IIC_Wait_Ack                          0x0800693d   Thumb Code    86  ctiic.o(.text)
    CT_IIC_Ack                               0x08006993   Thumb Code    70  ctiic.o(.text)
    CT_IIC_NAck                              0x080069d9   Thumb Code    70  ctiic.o(.text)
    CT_IIC_Send_Byte                         0x08006a1f   Thumb Code    86  ctiic.o(.text)
    CT_IIC_Read_Byte                         0x08006a75   Thumb Code   100  ctiic.o(.text)
    FT5206_WR_Reg                            0x08006af1   Thumb Code    82  ft5206.o(.text)
    FT5206_RD_Reg                            0x08006b43   Thumb Code    88  ft5206.o(.text)
    FT5206_Init                              0x08006b9b   Thumb Code   216  ft5206.o(.text)
    FT5206_Scan                              0x08006c73   Thumb Code   400  ft5206.o(.text)
    GT9147_WR_Reg                            0x08006e29   Thumb Code    92  gt9147.o(.text)
    GT9147_Send_Cfg                          0x08006e85   Thumb Code    86  gt9147.o(.text)
    GT9147_RD_Reg                            0x08006edb   Thumb Code    98  gt9147.o(.text)
    GT9147_Init                              0x08006f3d   Thumb Code   268  gt9147.o(.text)
    GT9147_Scan                              0x08007049   Thumb Code   494  gt9147.o(.text)
    TP_Write_Byte                            0x08007281   Thumb Code    64  touch.o(.text)
    TP_Read_AD                               0x080072c1   Thumb Code   136  touch.o(.text)
    TP_Read_XOY                              0x08007349   Thumb Code   120  touch.o(.text)
    TP_Read_XY                               0x080073c1   Thumb Code    38  touch.o(.text)
    TP_Read_XY2                              0x080073e7   Thumb Code   192  touch.o(.text)
    TP_Drow_Touch_Point                      0x080074a7   Thumb Code   108  touch.o(.text)
    TP_Draw_Big_Point                        0x08007513   Thumb Code    54  touch.o(.text)
    TP_Scan                                  0x08007549   Thumb Code   264  touch.o(.text)
    TP_Save_Adjdata                          0x08007651   Thumb Code    24  touch.o(.text)
    TP_Get_Adjdata                           0x08007669   Thumb Code   104  touch.o(.text)
    TP_Adj_Info_Show                         0x080076d1   Thumb Code   374  touch.o(.text)
    TP_Adjust                                0x08007847   Thumb Code  2128  touch.o(.text)
    TP_Init                                  0x08008097   Thumb Code   330  touch.o(.text)
    TIM7_IRQHandler                          0x08008235   Thumb Code    42  timer.o(.text)
    TIM7_Int_Init                            0x0800825f   Thumb Code    90  timer.o(.text)
    BEEP_Init                                0x080082c1   Thumb Code    50  beep.o(.text)
    USART2_IRQHandler                        0x080082f9   Thumb Code    94  usart2.o(.text)
    usart2_init                              0x08008357   Thumb Code   186  usart2.o(.text)
    u2_printf                                0x08008411   Thumb Code    72  usart2.o(.text)
    PS_StaGPIO_Init                          0x08008475   Thumb Code   124  as608.o(.text)
    PS_GetImage                              0x080085fd   Thumb Code    58  as608.o(.text)
    PS_GenChar                               0x08008637   Thumb Code    70  as608.o(.text)
    PS_Match                                 0x0800867d   Thumb Code    58  as608.o(.text)
    PS_Search                                0x080086b7   Thumb Code   144  as608.o(.text)
    PS_RegModel                              0x08008747   Thumb Code    58  as608.o(.text)
    PS_StoreChar                             0x08008781   Thumb Code    96  as608.o(.text)
    PS_DeletChar                             0x080087e1   Thumb Code   108  as608.o(.text)
    PS_Empty                                 0x0800884d   Thumb Code    86  as608.o(.text)
    PS_WriteReg                              0x080088a3   Thumb Code    82  as608.o(.text)
    PS_ReadSysPara                           0x080088f5   Thumb Code   108  as608.o(.text)
    PS_SetAddr                               0x08008961   Thumb Code   120  as608.o(.text)
    PS_WriteNotepad                          0x080089d9   Thumb Code   106  as608.o(.text)
    PS_ReadNotepad                           0x08008a43   Thumb Code    96  as608.o(.text)
    PS_HighSpeedSearch                       0x08008aa3   Thumb Code   144  as608.o(.text)
    PS_ValidTempleteNum                      0x08008b33   Thumb Code    74  as608.o(.text)
    PS_HandShake                             0x08008b7d   Thumb Code   118  as608.o(.text)
    EnsureMessage                            0x08008bf3   Thumb Code   140  as608.o(.text)
    SD_SetDeviceMode                         0x08008e71   Thumb Code    20  sdio_sdcard.o(.text)
    SDIO_Clock_Set                           0x08008e85   Thumb Code    16  sdio_sdcard.o(.text)
    CmdResp1Error                            0x08008e95   Thumb Code    90  sdio_sdcard.o(.text)
    FindSCR                                  0x08008eef   Thumb Code   386  sdio_sdcard.o(.text)
    SDEnWideBus                              0x08009071   Thumb Code   158  sdio_sdcard.o(.text)
    SD_EnableWideBusOperation                0x0800910f   Thumb Code    94  sdio_sdcard.o(.text)
    SD_SelectDeselect                        0x0800916d   Thumb Code    42  sdio_sdcard.o(.text)
    SD_GetCardInfo                           0x08009197   Thumb Code   802  sdio_sdcard.o(.text)
    CmdResp2Error                            0x080094b9   Thumb Code    80  sdio_sdcard.o(.text)
    CmdResp6Error                            0x08009509   Thumb Code   140  sdio_sdcard.o(.text)
    SD_InitializeCards                       0x08009595   Thumb Code   336  sdio_sdcard.o(.text)
    CmdResp3Error                            0x080096e5   Thumb Code    50  sdio_sdcard.o(.text)
    CmdResp7Error                            0x08009717   Thumb Code    70  sdio_sdcard.o(.text)
    CmdError                                 0x0800975d   Thumb Code    48  sdio_sdcard.o(.text)
    SD_PowerON                               0x0800978d   Thumb Code   450  sdio_sdcard.o(.text)
    SD_Init                                  0x0800994f   Thumb Code   238  sdio_sdcard.o(.text)
    SD_PowerOFF                              0x08009a3d   Thumb Code    12  sdio_sdcard.o(.text)
    SD_DMA_Config                            0x08009a49   Thumb Code   146  sdio_sdcard.o(.text)
    convert_from_bytes_to_power_of_two       0x08009adb   Thumb Code    18  sdio_sdcard.o(.text)
    SD_ReadBlock                             0x08009aed   Thumb Code   560  sdio_sdcard.o(.text)
    SD_ReadMultiBlocks                       0x08009d1d   Thumb Code   742  sdio_sdcard.o(.text)
    IsCardProgramming                        0x0800a003   Thumb Code   142  sdio_sdcard.o(.text)
    SD_WriteBlock                            0x0800a091   Thumb Code   888  sdio_sdcard.o(.text)
    SD_WriteMultiBlocks                      0x0800a409   Thumb Code   962  sdio_sdcard.o(.text)
    SD_ProcessIRQSrc                         0x0800a7cb   Thumb Code   294  sdio_sdcard.o(.text)
    SDIO_IRQHandler                          0x0800a8f1   Thumb Code     8  sdio_sdcard.o(.text)
    SD_SendStatus                            0x0800a8f9   Thumb Code    72  sdio_sdcard.o(.text)
    SD_GetState                              0x0800a941   Thumb Code    26  sdio_sdcard.o(.text)
    SD_ReadDisk                              0x0800a95b   Thumb Code   148  sdio_sdcard.o(.text)
    SD_WriteDisk                             0x0800a9ef   Thumb Code   148  sdio_sdcard.o(.text)
    USART3_IRQHandler                        0x0800aaa1   Thumb Code   170  usart3.o(.text)
    usart3_init                              0x0800ab4b   Thumb Code   192  usart3.o(.text)
    u3_printf                                0x0800ac0b   Thumb Code    72  usart3.o(.text)
    DHT11_Rst                                0x0800ac75   Thumb Code    52  dht11.o(.text)
    DHT11_Check                              0x0800aca9   Thumb Code   104  dht11.o(.text)
    DHT11_Read_Bit                           0x0800ad11   Thumb Code    76  dht11.o(.text)
    DHT11_Read_Byte                          0x0800ad5d   Thumb Code    30  dht11.o(.text)
    DHT11_Read_Data                          0x0800ad7b   Thumb Code    88  dht11.o(.text)
    DHT11_Init                               0x0800add3   Thumb Code    62  dht11.o(.text)
    delay_init                               0x0800ae25   Thumb Code    50  delay.o(.text)
    delay_us                                 0x0800ae57   Thumb Code    72  delay.o(.text)
    delay_ms                                 0x0800ae9f   Thumb Code    72  delay.o(.text)
    WFI_SET                                  0x0800aef9   Thumb Code     4  sys.o(.text)
    INTX_DISABLE                             0x0800aefd   Thumb Code     4  sys.o(.text)
    INTX_ENABLE                              0x0800af01   Thumb Code     4  sys.o(.text)
    Reset_Handler                            0x0800af05   Thumb Code     8  startup_stm32f10x_hd.o(.text)
    ADC1_2_IRQHandler                        0x0800af1f   Thumb Code     0  startup_stm32f10x_hd.o(.text)
    ADC3_IRQHandler                          0x0800af1f   Thumb Code     0  startup_stm32f10x_hd.o(.text)
    CAN1_RX1_IRQHandler                      0x0800af1f   Thumb Code     0  startup_stm32f10x_hd.o(.text)
    CAN1_SCE_IRQHandler                      0x0800af1f   Thumb Code     0  startup_stm32f10x_hd.o(.text)
    DMA1_Channel1_IRQHandler                 0x0800af1f   Thumb Code     0  startup_stm32f10x_hd.o(.text)
    DMA1_Channel2_IRQHandler                 0x0800af1f   Thumb Code     0  startup_stm32f10x_hd.o(.text)
    DMA1_Channel3_IRQHandler                 0x0800af1f   Thumb Code     0  startup_stm32f10x_hd.o(.text)
    DMA1_Channel4_IRQHandler                 0x0800af1f   Thumb Code     0  startup_stm32f10x_hd.o(.text)
    DMA1_Channel5_IRQHandler                 0x0800af1f   Thumb Code     0  startup_stm32f10x_hd.o(.text)
    DMA1_Channel6_IRQHandler                 0x0800af1f   Thumb Code     0  startup_stm32f10x_hd.o(.text)
    DMA1_Channel7_IRQHandler                 0x0800af1f   Thumb Code     0  startup_stm32f10x_hd.o(.text)
    DMA2_Channel1_IRQHandler                 0x0800af1f   Thumb Code     0  startup_stm32f10x_hd.o(.text)
    DMA2_Channel2_IRQHandler                 0x0800af1f   Thumb Code     0  startup_stm32f10x_hd.o(.text)
    DMA2_Channel3_IRQHandler                 0x0800af1f   Thumb Code     0  startup_stm32f10x_hd.o(.text)
    DMA2_Channel4_5_IRQHandler               0x0800af1f   Thumb Code     0  startup_stm32f10x_hd.o(.text)
    EXTI0_IRQHandler                         0x0800af1f   Thumb Code     0  startup_stm32f10x_hd.o(.text)
    EXTI15_10_IRQHandler                     0x0800af1f   Thumb Code     0  startup_stm32f10x_hd.o(.text)
    EXTI1_IRQHandler                         0x0800af1f   Thumb Code     0  startup_stm32f10x_hd.o(.text)
    EXTI2_IRQHandler                         0x0800af1f   Thumb Code     0  startup_stm32f10x_hd.o(.text)
    EXTI3_IRQHandler                         0x0800af1f   Thumb Code     0  startup_stm32f10x_hd.o(.text)
    EXTI4_IRQHandler                         0x0800af1f   Thumb Code     0  startup_stm32f10x_hd.o(.text)
    EXTI9_5_IRQHandler                       0x0800af1f   Thumb Code     0  startup_stm32f10x_hd.o(.text)
    FLASH_IRQHandler                         0x0800af1f   Thumb Code     0  startup_stm32f10x_hd.o(.text)
    FSMC_IRQHandler                          0x0800af1f   Thumb Code     0  startup_stm32f10x_hd.o(.text)
    I2C1_ER_IRQHandler                       0x0800af1f   Thumb Code     0  startup_stm32f10x_hd.o(.text)
    I2C1_EV_IRQHandler                       0x0800af1f   Thumb Code     0  startup_stm32f10x_hd.o(.text)
    I2C2_ER_IRQHandler                       0x0800af1f   Thumb Code     0  startup_stm32f10x_hd.o(.text)
    I2C2_EV_IRQHandler                       0x0800af1f   Thumb Code     0  startup_stm32f10x_hd.o(.text)
    PVD_IRQHandler                           0x0800af1f   Thumb Code     0  startup_stm32f10x_hd.o(.text)
    RCC_IRQHandler                           0x0800af1f   Thumb Code     0  startup_stm32f10x_hd.o(.text)
    RTCAlarm_IRQHandler                      0x0800af1f   Thumb Code     0  startup_stm32f10x_hd.o(.text)
    RTC_IRQHandler                           0x0800af1f   Thumb Code     0  startup_stm32f10x_hd.o(.text)
    SPI1_IRQHandler                          0x0800af1f   Thumb Code     0  startup_stm32f10x_hd.o(.text)
    SPI2_IRQHandler                          0x0800af1f   Thumb Code     0  startup_stm32f10x_hd.o(.text)
    SPI3_IRQHandler                          0x0800af1f   Thumb Code     0  startup_stm32f10x_hd.o(.text)
    TAMPER_IRQHandler                        0x0800af1f   Thumb Code     0  startup_stm32f10x_hd.o(.text)
    TIM1_BRK_IRQHandler                      0x0800af1f   Thumb Code     0  startup_stm32f10x_hd.o(.text)
    TIM1_CC_IRQHandler                       0x0800af1f   Thumb Code     0  startup_stm32f10x_hd.o(.text)
    TIM1_TRG_COM_IRQHandler                  0x0800af1f   Thumb Code     0  startup_stm32f10x_hd.o(.text)
    TIM1_UP_IRQHandler                       0x0800af1f   Thumb Code     0  startup_stm32f10x_hd.o(.text)
    TIM3_IRQHandler                          0x0800af1f   Thumb Code     0  startup_stm32f10x_hd.o(.text)
    TIM5_IRQHandler                          0x0800af1f   Thumb Code     0  startup_stm32f10x_hd.o(.text)
    TIM6_IRQHandler                          0x0800af1f   Thumb Code     0  startup_stm32f10x_hd.o(.text)
    TIM8_BRK_IRQHandler                      0x0800af1f   Thumb Code     0  startup_stm32f10x_hd.o(.text)
    TIM8_CC_IRQHandler                       0x0800af1f   Thumb Code     0  startup_stm32f10x_hd.o(.text)
    TIM8_TRG_COM_IRQHandler                  0x0800af1f   Thumb Code     0  startup_stm32f10x_hd.o(.text)
    TIM8_UP_IRQHandler                       0x0800af1f   Thumb Code     0  startup_stm32f10x_hd.o(.text)
    UART4_IRQHandler                         0x0800af1f   Thumb Code     0  startup_stm32f10x_hd.o(.text)
    UART5_IRQHandler                         0x0800af1f   Thumb Code     0  startup_stm32f10x_hd.o(.text)
    USBWakeUp_IRQHandler                     0x0800af1f   Thumb Code     0  startup_stm32f10x_hd.o(.text)
    USB_HP_CAN1_TX_IRQHandler                0x0800af1f   Thumb Code     0  startup_stm32f10x_hd.o(.text)
    USB_LP_CAN1_RX0_IRQHandler               0x0800af1f   Thumb Code     0  startup_stm32f10x_hd.o(.text)
    WWDG_IRQHandler                          0x0800af1f   Thumb Code     0  startup_stm32f10x_hd.o(.text)
    NVIC_PriorityGroupConfig                 0x0800af29   Thumb Code    10  misc.o(.text)
    NVIC_Init                                0x0800af33   Thumb Code   100  misc.o(.text)
    NVIC_SetVectorTable                      0x0800af97   Thumb Code    14  misc.o(.text)
    NVIC_SystemLPConfig                      0x0800afa5   Thumb Code    34  misc.o(.text)
    SysTick_CLKSourceConfig                  0x0800afc7   Thumb Code    40  misc.o(.text)
    FSMC_NORSRAMDeInit                       0x0800b005   Thumb Code    54  stm32f10x_fsmc.o(.text)
    FSMC_NANDDeInit                          0x0800b03b   Thumb Code    62  stm32f10x_fsmc.o(.text)
    FSMC_PCCARDDeInit                        0x0800b079   Thumb Code    36  stm32f10x_fsmc.o(.text)
    FSMC_NORSRAMInit                         0x0800b09d   Thumb Code   230  stm32f10x_fsmc.o(.text)
    FSMC_NANDInit                            0x0800b183   Thumb Code   132  stm32f10x_fsmc.o(.text)
    FSMC_PCCARDInit                          0x0800b207   Thumb Code   130  stm32f10x_fsmc.o(.text)
    FSMC_NORSRAMStructInit                   0x0800b289   Thumb Code   114  stm32f10x_fsmc.o(.text)
    FSMC_NANDStructInit                      0x0800b2fb   Thumb Code    54  stm32f10x_fsmc.o(.text)
    FSMC_PCCARDStructInit                    0x0800b331   Thumb Code    60  stm32f10x_fsmc.o(.text)
    FSMC_NORSRAMCmd                          0x0800b36d   Thumb Code    46  stm32f10x_fsmc.o(.text)
    FSMC_NANDCmd                             0x0800b39b   Thumb Code    86  stm32f10x_fsmc.o(.text)
    FSMC_PCCARDCmd                           0x0800b3f1   Thumb Code    44  stm32f10x_fsmc.o(.text)
    FSMC_NANDECCCmd                          0x0800b41d   Thumb Code    90  stm32f10x_fsmc.o(.text)
    FSMC_GetECC                              0x0800b477   Thumb Code    24  stm32f10x_fsmc.o(.text)
    FSMC_ITConfig                            0x0800b48f   Thumb Code   128  stm32f10x_fsmc.o(.text)
    FSMC_GetFlagStatus                       0x0800b50f   Thumb Code    54  stm32f10x_fsmc.o(.text)
    FSMC_ClearFlag                           0x0800b545   Thumb Code    62  stm32f10x_fsmc.o(.text)
    FSMC_GetITStatus                         0x0800b583   Thumb Code    64  stm32f10x_fsmc.o(.text)
    FSMC_ClearITPendingBit                   0x0800b5c3   Thumb Code    68  stm32f10x_fsmc.o(.text)
    GPIO_DeInit                              0x0800b611   Thumb Code   172  stm32f10x_gpio.o(.text)
    GPIO_AFIODeInit                          0x0800b6bd   Thumb Code    20  stm32f10x_gpio.o(.text)
    GPIO_Init                                0x0800b6d1   Thumb Code   278  stm32f10x_gpio.o(.text)
    GPIO_StructInit                          0x0800b7e7   Thumb Code    16  stm32f10x_gpio.o(.text)
    GPIO_ReadInputDataBit                    0x0800b7f7   Thumb Code    18  stm32f10x_gpio.o(.text)
    GPIO_ReadInputData                       0x0800b809   Thumb Code     8  stm32f10x_gpio.o(.text)
    GPIO_ReadOutputDataBit                   0x0800b811   Thumb Code    18  stm32f10x_gpio.o(.text)
    GPIO_ReadOutputData                      0x0800b823   Thumb Code     8  stm32f10x_gpio.o(.text)
    GPIO_SetBits                             0x0800b82b   Thumb Code     4  stm32f10x_gpio.o(.text)
    GPIO_ResetBits                           0x0800b82f   Thumb Code     4  stm32f10x_gpio.o(.text)
    GPIO_WriteBit                            0x0800b833   Thumb Code    10  stm32f10x_gpio.o(.text)
    GPIO_Write                               0x0800b83d   Thumb Code     4  stm32f10x_gpio.o(.text)
    GPIO_PinLockConfig                       0x0800b841   Thumb Code    18  stm32f10x_gpio.o(.text)
    GPIO_EventOutputConfig                   0x0800b853   Thumb Code    26  stm32f10x_gpio.o(.text)
    GPIO_EventOutputCmd                      0x0800b86d   Thumb Code     6  stm32f10x_gpio.o(.text)
    GPIO_PinRemapConfig                      0x0800b873   Thumb Code   138  stm32f10x_gpio.o(.text)
    GPIO_EXTILineConfig                      0x0800b8fd   Thumb Code    66  stm32f10x_gpio.o(.text)
    GPIO_ETH_MediaInterfaceConfig            0x0800b93f   Thumb Code     8  stm32f10x_gpio.o(.text)
    RCC_DeInit                               0x0800b96d   Thumb Code    64  stm32f10x_rcc.o(.text)
    RCC_HSEConfig                            0x0800b9ad   Thumb Code    70  stm32f10x_rcc.o(.text)
    RCC_GetFlagStatus                        0x0800b9f3   Thumb Code    56  stm32f10x_rcc.o(.text)
    RCC_WaitForHSEStartUp                    0x0800ba2b   Thumb Code    56  stm32f10x_rcc.o(.text)
    RCC_AdjustHSICalibrationValue            0x0800ba63   Thumb Code    20  stm32f10x_rcc.o(.text)
    RCC_HSICmd                               0x0800ba77   Thumb Code     6  stm32f10x_rcc.o(.text)
    RCC_PLLConfig                            0x0800ba7d   Thumb Code    24  stm32f10x_rcc.o(.text)
    RCC_PLLCmd                               0x0800ba95   Thumb Code     6  stm32f10x_rcc.o(.text)
    RCC_SYSCLKConfig                         0x0800ba9b   Thumb Code    18  stm32f10x_rcc.o(.text)
    RCC_GetSYSCLKSource                      0x0800baad   Thumb Code    10  stm32f10x_rcc.o(.text)
    RCC_HCLKConfig                           0x0800bab7   Thumb Code    18  stm32f10x_rcc.o(.text)
    RCC_PCLK1Config                          0x0800bac9   Thumb Code    18  stm32f10x_rcc.o(.text)
    RCC_PCLK2Config                          0x0800badb   Thumb Code    20  stm32f10x_rcc.o(.text)
    RCC_ITConfig                             0x0800baef   Thumb Code    26  stm32f10x_rcc.o(.text)
    RCC_USBCLKConfig                         0x0800bb09   Thumb Code     8  stm32f10x_rcc.o(.text)
    RCC_ADCCLKConfig                         0x0800bb11   Thumb Code    18  stm32f10x_rcc.o(.text)
    RCC_LSEConfig                            0x0800bb23   Thumb Code    50  stm32f10x_rcc.o(.text)
    RCC_LSICmd                               0x0800bb55   Thumb Code     6  stm32f10x_rcc.o(.text)
    RCC_RTCCLKConfig                         0x0800bb5b   Thumb Code    12  stm32f10x_rcc.o(.text)
    RCC_RTCCLKCmd                            0x0800bb67   Thumb Code     8  stm32f10x_rcc.o(.text)
    RCC_GetClocksFreq                        0x0800bb6f   Thumb Code   192  stm32f10x_rcc.o(.text)
    RCC_AHBPeriphClockCmd                    0x0800bc2f   Thumb Code    26  stm32f10x_rcc.o(.text)
    RCC_APB2PeriphClockCmd                   0x0800bc49   Thumb Code    26  stm32f10x_rcc.o(.text)
    RCC_APB1PeriphClockCmd                   0x0800bc63   Thumb Code    26  stm32f10x_rcc.o(.text)
    RCC_APB2PeriphResetCmd                   0x0800bc7d   Thumb Code    26  stm32f10x_rcc.o(.text)
    RCC_APB1PeriphResetCmd                   0x0800bc97   Thumb Code    26  stm32f10x_rcc.o(.text)
    RCC_BackupResetCmd                       0x0800bcb1   Thumb Code     8  stm32f10x_rcc.o(.text)
    RCC_ClockSecuritySystemCmd               0x0800bcb9   Thumb Code     6  stm32f10x_rcc.o(.text)
    RCC_MCOConfig                            0x0800bcbf   Thumb Code     6  stm32f10x_rcc.o(.text)
    RCC_ClearFlag                            0x0800bcc5   Thumb Code    14  stm32f10x_rcc.o(.text)
    RCC_GetITStatus                          0x0800bcd3   Thumb Code    20  stm32f10x_rcc.o(.text)
    RCC_ClearITPendingBit                    0x0800bce7   Thumb Code     6  stm32f10x_rcc.o(.text)
    SPI_I2S_DeInit                           0x0800bd11   Thumb Code    76  stm32f10x_spi.o(.text)
    SPI_Init                                 0x0800bd5d   Thumb Code    60  stm32f10x_spi.o(.text)
    I2S_Init                                 0x0800bd99   Thumb Code   226  stm32f10x_spi.o(.text)
    SPI_StructInit                           0x0800be7b   Thumb Code    24  stm32f10x_spi.o(.text)
    I2S_StructInit                           0x0800be93   Thumb Code    20  stm32f10x_spi.o(.text)
    SPI_Cmd                                  0x0800bea7   Thumb Code    24  stm32f10x_spi.o(.text)
    I2S_Cmd                                  0x0800bebf   Thumb Code    24  stm32f10x_spi.o(.text)
    SPI_I2S_ITConfig                         0x0800bed7   Thumb Code    32  stm32f10x_spi.o(.text)
    SPI_I2S_DMACmd                           0x0800bef7   Thumb Code    18  stm32f10x_spi.o(.text)
    SPI_I2S_SendData                         0x0800bf09   Thumb Code     4  stm32f10x_spi.o(.text)
    SPI_I2S_ReceiveData                      0x0800bf0d   Thumb Code     6  stm32f10x_spi.o(.text)
    SPI_NSSInternalSoftwareConfig            0x0800bf13   Thumb Code    30  stm32f10x_spi.o(.text)
    SPI_SSOutputCmd                          0x0800bf31   Thumb Code    24  stm32f10x_spi.o(.text)
    SPI_DataSizeConfig                       0x0800bf49   Thumb Code    18  stm32f10x_spi.o(.text)
    SPI_TransmitCRC                          0x0800bf5b   Thumb Code    10  stm32f10x_spi.o(.text)
    SPI_CalculateCRC                         0x0800bf65   Thumb Code    24  stm32f10x_spi.o(.text)
    SPI_GetCRC                               0x0800bf7d   Thumb Code    16  stm32f10x_spi.o(.text)
    SPI_GetCRCPolynomial                     0x0800bf8d   Thumb Code     6  stm32f10x_spi.o(.text)
    SPI_BiDirectionalLineConfig              0x0800bf93   Thumb Code    28  stm32f10x_spi.o(.text)
    SPI_I2S_GetFlagStatus                    0x0800bfaf   Thumb Code    18  stm32f10x_spi.o(.text)
    SPI_I2S_ClearFlag                        0x0800bfc1   Thumb Code     6  stm32f10x_spi.o(.text)
    SPI_I2S_GetITStatus                      0x0800bfc7   Thumb Code    52  stm32f10x_spi.o(.text)
    SPI_I2S_ClearITPendingBit                0x0800bffb   Thumb Code    20  stm32f10x_spi.o(.text)
    USART_DeInit                             0x0800c01d   Thumb Code   134  stm32f10x_usart.o(.text)
    USART_Init                               0x0800c0a3   Thumb Code   210  stm32f10x_usart.o(.text)
    USART_StructInit                         0x0800c175   Thumb Code    24  stm32f10x_usart.o(.text)
    USART_ClockInit                          0x0800c18d   Thumb Code    34  stm32f10x_usart.o(.text)
    USART_ClockStructInit                    0x0800c1af   Thumb Code    12  stm32f10x_usart.o(.text)
    USART_Cmd                                0x0800c1bb   Thumb Code    24  stm32f10x_usart.o(.text)
    USART_ITConfig                           0x0800c1d3   Thumb Code    74  stm32f10x_usart.o(.text)
    USART_DMACmd                             0x0800c21d   Thumb Code    18  stm32f10x_usart.o(.text)
    USART_SetAddress                         0x0800c22f   Thumb Code    18  stm32f10x_usart.o(.text)
    USART_WakeUpConfig                       0x0800c241   Thumb Code    18  stm32f10x_usart.o(.text)
    USART_ReceiverWakeUpCmd                  0x0800c253   Thumb Code    24  stm32f10x_usart.o(.text)
    USART_LINBreakDetectLengthConfig         0x0800c26b   Thumb Code    18  stm32f10x_usart.o(.text)
    USART_LINCmd                             0x0800c27d   Thumb Code    24  stm32f10x_usart.o(.text)
    USART_SendData                           0x0800c295   Thumb Code     8  stm32f10x_usart.o(.text)
    USART_ReceiveData                        0x0800c29d   Thumb Code    10  stm32f10x_usart.o(.text)
    USART_SendBreak                          0x0800c2a7   Thumb Code    10  stm32f10x_usart.o(.text)
    USART_SetGuardTime                       0x0800c2b1   Thumb Code    16  stm32f10x_usart.o(.text)
    USART_SetPrescaler                       0x0800c2c1   Thumb Code    16  stm32f10x_usart.o(.text)
    USART_SmartCardCmd                       0x0800c2d1   Thumb Code    24  stm32f10x_usart.o(.text)
    USART_SmartCardNACKCmd                   0x0800c2e9   Thumb Code    24  stm32f10x_usart.o(.text)
    USART_HalfDuplexCmd                      0x0800c301   Thumb Code    24  stm32f10x_usart.o(.text)
    USART_OverSampling8Cmd                   0x0800c319   Thumb Code    22  stm32f10x_usart.o(.text)
    USART_OneBitMethodCmd                    0x0800c32f   Thumb Code    24  stm32f10x_usart.o(.text)
    USART_IrDAConfig                         0x0800c347   Thumb Code    18  stm32f10x_usart.o(.text)
    USART_IrDACmd                            0x0800c359   Thumb Code    24  stm32f10x_usart.o(.text)
    USART_GetFlagStatus                      0x0800c371   Thumb Code    26  stm32f10x_usart.o(.text)
    USART_ClearFlag                          0x0800c38b   Thumb Code    18  stm32f10x_usart.o(.text)
    USART_GetITStatus                        0x0800c39d   Thumb Code    84  stm32f10x_usart.o(.text)
    USART_ClearITPendingBit                  0x0800c3f1   Thumb Code    52  stm32f10x_usart.o(.text)
    TIM_DeInit                               0x0800c425   Thumb Code   424  stm32f10x_tim.o(.text)
    TIM_TimeBaseInit                         0x0800c5cd   Thumb Code   122  stm32f10x_tim.o(.text)
    TIM_OC1Init                              0x0800c647   Thumb Code   132  stm32f10x_tim.o(.text)
    TIM_OC2Init                              0x0800c6cb   Thumb Code   154  stm32f10x_tim.o(.text)
    TIM_OC3Init                              0x0800c765   Thumb Code   150  stm32f10x_tim.o(.text)
    TIM_OC4Init                              0x0800c7fb   Thumb Code   182  stm32f10x_tim.o(.text)
    TIM_SetIC4Prescaler                      0x0800c8b1   Thumb Code    26  stm32f10x_tim.o(.text)
    TIM_SetIC3Prescaler                      0x0800c94d   Thumb Code    18  stm32f10x_tim.o(.text)
    TIM_SetIC2Prescaler                      0x0800c9d9   Thumb Code    26  stm32f10x_tim.o(.text)
    TIM_SetIC1Prescaler                      0x0800ca75   Thumb Code    18  stm32f10x_tim.o(.text)
    TIM_ICInit                               0x0800caf3   Thumb Code   150  stm32f10x_tim.o(.text)
    TIM_PWMIConfig                           0x0800cb89   Thumb Code   124  stm32f10x_tim.o(.text)
    TIM_BDTRConfig                           0x0800cc05   Thumb Code    32  stm32f10x_tim.o(.text)
    TIM_TimeBaseStructInit                   0x0800cc25   Thumb Code    18  stm32f10x_tim.o(.text)
    TIM_OCStructInit                         0x0800cc37   Thumb Code    20  stm32f10x_tim.o(.text)
    TIM_ICStructInit                         0x0800cc4b   Thumb Code    18  stm32f10x_tim.o(.text)
    TIM_BDTRStructInit                       0x0800cc5d   Thumb Code    40  stm32f10x_tim.o(.text)
    TIM_Cmd                                  0x0800cc85   Thumb Code    24  stm32f10x_tim.o(.text)
    TIM_CtrlPWMOutputs                       0x0800cc9d   Thumb Code    30  stm32f10x_tim.o(.text)
    TIM_ITConfig                             0x0800ccbb   Thumb Code    18  stm32f10x_tim.o(.text)
    TIM_GenerateEvent                        0x0800cccd   Thumb Code     4  stm32f10x_tim.o(.text)
    TIM_DMAConfig                            0x0800ccd1   Thumb Code    10  stm32f10x_tim.o(.text)
    TIM_DMACmd                               0x0800ccdb   Thumb Code    18  stm32f10x_tim.o(.text)
    TIM_InternalClockConfig                  0x0800cced   Thumb Code    12  stm32f10x_tim.o(.text)
    TIM_SelectInputTrigger                   0x0800ccf9   Thumb Code    18  stm32f10x_tim.o(.text)
    TIM_ITRxExternalClockConfig              0x0800cd0b   Thumb Code    24  stm32f10x_tim.o(.text)
    TIM_TIxExternalClockConfig               0x0800cd23   Thumb Code    62  stm32f10x_tim.o(.text)
    TIM_ETRConfig                            0x0800cd61   Thumb Code    28  stm32f10x_tim.o(.text)
    TIM_ETRClockMode1Config                  0x0800cd7d   Thumb Code    54  stm32f10x_tim.o(.text)
    TIM_ETRClockMode2Config                  0x0800cdb3   Thumb Code    32  stm32f10x_tim.o(.text)
    TIM_PrescalerConfig                      0x0800cdd3   Thumb Code     6  stm32f10x_tim.o(.text)
    TIM_CounterModeConfig                    0x0800cdd9   Thumb Code    18  stm32f10x_tim.o(.text)
    TIM_EncoderInterfaceConfig               0x0800cdeb   Thumb Code    66  stm32f10x_tim.o(.text)
    TIM_ForcedOC1Config                      0x0800ce2d   Thumb Code    18  stm32f10x_tim.o(.text)
    TIM_ForcedOC2Config                      0x0800ce3f   Thumb Code    26  stm32f10x_tim.o(.text)
    TIM_ForcedOC3Config                      0x0800ce59   Thumb Code    18  stm32f10x_tim.o(.text)
    TIM_ForcedOC4Config                      0x0800ce6b   Thumb Code    26  stm32f10x_tim.o(.text)
    TIM_ARRPreloadConfig                     0x0800ce85   Thumb Code    24  stm32f10x_tim.o(.text)
    TIM_SelectCOM                            0x0800ce9d   Thumb Code    24  stm32f10x_tim.o(.text)
    TIM_SelectCCDMA                          0x0800ceb5   Thumb Code    24  stm32f10x_tim.o(.text)
    TIM_CCPreloadControl                     0x0800cecd   Thumb Code    24  stm32f10x_tim.o(.text)
    TIM_OC1PreloadConfig                     0x0800cee5   Thumb Code    18  stm32f10x_tim.o(.text)
    TIM_OC2PreloadConfig                     0x0800cef7   Thumb Code    26  stm32f10x_tim.o(.text)
    TIM_OC3PreloadConfig                     0x0800cf11   Thumb Code    18  stm32f10x_tim.o(.text)
    TIM_OC4PreloadConfig                     0x0800cf23   Thumb Code    26  stm32f10x_tim.o(.text)
    TIM_OC1FastConfig                        0x0800cf3d   Thumb Code    18  stm32f10x_tim.o(.text)
    TIM_OC2FastConfig                        0x0800cf4f   Thumb Code    26  stm32f10x_tim.o(.text)
    TIM_OC3FastConfig                        0x0800cf69   Thumb Code    18  stm32f10x_tim.o(.text)
    TIM_OC4FastConfig                        0x0800cf7b   Thumb Code    26  stm32f10x_tim.o(.text)
    TIM_ClearOC1Ref                          0x0800cf95   Thumb Code    18  stm32f10x_tim.o(.text)
    TIM_ClearOC2Ref                          0x0800cfa7   Thumb Code    24  stm32f10x_tim.o(.text)
    TIM_ClearOC3Ref                          0x0800cfbf   Thumb Code    18  stm32f10x_tim.o(.text)
    TIM_ClearOC4Ref                          0x0800cfd1   Thumb Code    24  stm32f10x_tim.o(.text)
    TIM_OC1PolarityConfig                    0x0800cfe9   Thumb Code    18  stm32f10x_tim.o(.text)
    TIM_OC1NPolarityConfig                   0x0800cffb   Thumb Code    18  stm32f10x_tim.o(.text)
    TIM_OC2PolarityConfig                    0x0800d00d   Thumb Code    26  stm32f10x_tim.o(.text)
    TIM_OC2NPolarityConfig                   0x0800d027   Thumb Code    26  stm32f10x_tim.o(.text)
    TIM_OC3PolarityConfig                    0x0800d041   Thumb Code    26  stm32f10x_tim.o(.text)
    TIM_OC3NPolarityConfig                   0x0800d05b   Thumb Code    26  stm32f10x_tim.o(.text)
    TIM_OC4PolarityConfig                    0x0800d075   Thumb Code    26  stm32f10x_tim.o(.text)
    TIM_CCxCmd                               0x0800d08f   Thumb Code    30  stm32f10x_tim.o(.text)
    TIM_CCxNCmd                              0x0800d0ad   Thumb Code    30  stm32f10x_tim.o(.text)
    TIM_SelectOCxM                           0x0800d0cb   Thumb Code    82  stm32f10x_tim.o(.text)
    TIM_UpdateDisableConfig                  0x0800d11d   Thumb Code    24  stm32f10x_tim.o(.text)
    TIM_UpdateRequestConfig                  0x0800d135   Thumb Code    24  stm32f10x_tim.o(.text)
    TIM_SelectHallSensor                     0x0800d14d   Thumb Code    24  stm32f10x_tim.o(.text)
    TIM_SelectOnePulseMode                   0x0800d165   Thumb Code    18  stm32f10x_tim.o(.text)
    TIM_SelectOutputTrigger                  0x0800d177   Thumb Code    18  stm32f10x_tim.o(.text)
    TIM_SelectSlaveMode                      0x0800d189   Thumb Code    18  stm32f10x_tim.o(.text)
    TIM_SelectMasterSlaveMode                0x0800d19b   Thumb Code    18  stm32f10x_tim.o(.text)
    TIM_SetCounter                           0x0800d1ad   Thumb Code     4  stm32f10x_tim.o(.text)
    TIM_SetAutoreload                        0x0800d1b1   Thumb Code     4  stm32f10x_tim.o(.text)
    TIM_SetCompare1                          0x0800d1b5   Thumb Code     4  stm32f10x_tim.o(.text)
    TIM_SetCompare2                          0x0800d1b9   Thumb Code     4  stm32f10x_tim.o(.text)
    TIM_SetCompare3                          0x0800d1bd   Thumb Code     4  stm32f10x_tim.o(.text)
    TIM_SetCompare4                          0x0800d1c1   Thumb Code     6  stm32f10x_tim.o(.text)
    TIM_SetClockDivision                     0x0800d1c7   Thumb Code    18  stm32f10x_tim.o(.text)
    TIM_GetCapture1                          0x0800d1d9   Thumb Code     6  stm32f10x_tim.o(.text)
    TIM_GetCapture2                          0x0800d1df   Thumb Code     6  stm32f10x_tim.o(.text)
    TIM_GetCapture3                          0x0800d1e5   Thumb Code     6  stm32f10x_tim.o(.text)
    TIM_GetCapture4                          0x0800d1eb   Thumb Code     8  stm32f10x_tim.o(.text)
    TIM_GetCounter                           0x0800d1f3   Thumb Code     6  stm32f10x_tim.o(.text)
    TIM_GetPrescaler                         0x0800d1f9   Thumb Code     6  stm32f10x_tim.o(.text)
    TIM_GetFlagStatus                        0x0800d1ff   Thumb Code    18  stm32f10x_tim.o(.text)
    TIM_ClearFlag                            0x0800d211   Thumb Code     6  stm32f10x_tim.o(.text)
    TIM_GetITStatus                          0x0800d217   Thumb Code    34  stm32f10x_tim.o(.text)
    TIM_ClearITPendingBit                    0x0800d239   Thumb Code     6  stm32f10x_tim.o(.text)
    SDIO_DeInit                              0x0800d241   Thumb Code    28  stm32f10x_sdio.o(.text)
    SDIO_Init                                0x0800d25d   Thumb Code    42  stm32f10x_sdio.o(.text)
    SDIO_StructInit                          0x0800d287   Thumb Code    16  stm32f10x_sdio.o(.text)
    SDIO_ClockCmd                            0x0800d297   Thumb Code     6  stm32f10x_sdio.o(.text)
    SDIO_SetPowerState                       0x0800d29d   Thumb Code    22  stm32f10x_sdio.o(.text)
    SDIO_GetPowerState                       0x0800d2b3   Thumb Code    10  stm32f10x_sdio.o(.text)
    SDIO_ITConfig                            0x0800d2bd   Thumb Code    26  stm32f10x_sdio.o(.text)
    SDIO_DMACmd                              0x0800d2d7   Thumb Code     6  stm32f10x_sdio.o(.text)
    SDIO_SendCommand                         0x0800d2dd   Thumb Code    38  stm32f10x_sdio.o(.text)
    SDIO_CmdStructInit                       0x0800d303   Thumb Code    14  stm32f10x_sdio.o(.text)
    SDIO_GetCommandResponse                  0x0800d311   Thumb Code     8  stm32f10x_sdio.o(.text)
    SDIO_GetResponse                         0x0800d319   Thumb Code    22  stm32f10x_sdio.o(.text)
    SDIO_DataConfig                          0x0800d32f   Thumb Code    42  stm32f10x_sdio.o(.text)
    SDIO_DataStructInit                      0x0800d359   Thumb Code    20  stm32f10x_sdio.o(.text)
    SDIO_GetDataCounter                      0x0800d36d   Thumb Code     6  stm32f10x_sdio.o(.text)
    SDIO_ReadData                            0x0800d373   Thumb Code     8  stm32f10x_sdio.o(.text)
    SDIO_WriteData                           0x0800d37b   Thumb Code     8  stm32f10x_sdio.o(.text)
    SDIO_GetFIFOCount                        0x0800d383   Thumb Code     6  stm32f10x_sdio.o(.text)
    SDIO_StartSDIOReadWait                   0x0800d389   Thumb Code     8  stm32f10x_sdio.o(.text)
    SDIO_StopSDIOReadWait                    0x0800d391   Thumb Code     8  stm32f10x_sdio.o(.text)
    SDIO_SetSDIOReadWaitMode                 0x0800d399   Thumb Code     8  stm32f10x_sdio.o(.text)
    SDIO_SetSDIOOperation                    0x0800d3a1   Thumb Code     8  stm32f10x_sdio.o(.text)
    SDIO_SendSDIOSuspendCmd                  0x0800d3a9   Thumb Code     6  stm32f10x_sdio.o(.text)
    SDIO_CommandCompletionCmd                0x0800d3af   Thumb Code     8  stm32f10x_sdio.o(.text)
    SDIO_CEATAITCmd                          0x0800d3b7   Thumb Code    12  stm32f10x_sdio.o(.text)
    SDIO_SendCEATACmd                        0x0800d3c3   Thumb Code     8  stm32f10x_sdio.o(.text)
    SDIO_GetFlagStatus                       0x0800d3cb   Thumb Code    20  stm32f10x_sdio.o(.text)
    SDIO_ClearFlag                           0x0800d3df   Thumb Code     6  stm32f10x_sdio.o(.text)
    SDIO_GetITStatus                         0x0800d3e5   Thumb Code    20  stm32f10x_sdio.o(.text)
    SDIO_ClearITPendingBit                   0x0800d3f9   Thumb Code     6  stm32f10x_sdio.o(.text)
    DMA_DeInit                               0x0800d415   Thumb Code   324  stm32f10x_dma.o(.text)
    DMA_Init                                 0x0800d559   Thumb Code    60  stm32f10x_dma.o(.text)
    DMA_StructInit                           0x0800d595   Thumb Code    26  stm32f10x_dma.o(.text)
    DMA_Cmd                                  0x0800d5af   Thumb Code    24  stm32f10x_dma.o(.text)
    DMA_ITConfig                             0x0800d5c7   Thumb Code    18  stm32f10x_dma.o(.text)
    DMA_SetCurrDataCounter                   0x0800d5d9   Thumb Code     4  stm32f10x_dma.o(.text)
    DMA_GetCurrDataCounter                   0x0800d5dd   Thumb Code     8  stm32f10x_dma.o(.text)
    DMA_GetFlagStatus                        0x0800d5e5   Thumb Code    40  stm32f10x_dma.o(.text)
    DMA_ClearFlag                            0x0800d60d   Thumb Code    22  stm32f10x_dma.o(.text)
    DMA_GetITStatus                          0x0800d623   Thumb Code    40  stm32f10x_dma.o(.text)
    DMA_ClearITPendingBit                    0x0800d64b   Thumb Code    22  stm32f10x_dma.o(.text)
    mymemcpy                                 0x0800d669   Thumb Code    26  malloc.o(.text)
    mymemset                                 0x0800d683   Thumb Code    20  malloc.o(.text)
    my_mem_init                              0x0800d697   Thumb Code    54  malloc.o(.text)
    my_mem_perused                           0x0800d6cd   Thumb Code    54  malloc.o(.text)
    my_mem_malloc                            0x0800d703   Thumb Code   154  malloc.o(.text)
    my_mem_free                              0x0800d79d   Thumb Code    94  malloc.o(.text)
    myfree                                   0x0800d7fb   Thumb Code    32  malloc.o(.text)
    mymalloc                                 0x0800d81b   Thumb Code    36  malloc.o(.text)
    myrealloc                                0x0800d83f   Thumb Code    68  malloc.o(.text)
    clust2sect                               0x0800da4b   Thumb Code    26  ff.o(.text)
    get_fat                                  0x0800da65   Thumb Code   242  ff.o(.text)
    put_fat                                  0x0800db57   Thumb Code   322  ff.o(.text)
    dir_sdi                                  0x0800de0d   Thumb Code   158  ff.o(.text)
    f_mount                                  0x0800ee97   Thumb Code    86  ff.o(.text)
    f_open                                   0x0800eeed   Thumb Code   384  ff.o(.text)
    f_read                                   0x0800f06d   Thumb Code   450  ff.o(.text)
    f_write                                  0x0800f22f   Thumb Code   490  ff.o(.text)
    f_sync                                   0x0800f419   Thumb Code   176  ff.o(.text)
    f_close                                  0x0800f4c9   Thumb Code    32  ff.o(.text)
    f_lseek                                  0x0800f4e9   Thumb Code   684  ff.o(.text)
    f_opendir                                0x0800f795   Thumb Code   136  ff.o(.text)
    f_closedir                               0x0800f81d   Thumb Code    22  ff.o(.text)
    f_readdir                                0x0800f833   Thumb Code   114  ff.o(.text)
    f_stat                                   0x0800f8a5   Thumb Code    84  ff.o(.text)
    f_getfree                                0x0800f8f9   Thumb Code   258  ff.o(.text)
    f_truncate                               0x0800f9fb   Thumb Code   184  ff.o(.text)
    f_unlink                                 0x0800fab3   Thumb Code   190  ff.o(.text)
    f_mkdir                                  0x0800fb71   Thumb Code   380  ff.o(.text)
    f_chmod                                  0x0800fced   Thumb Code   112  ff.o(.text)
    f_rename                                 0x0800fd5d   Thumb Code   290  ff.o(.text)
    f_utime                                  0x0800fe7f   Thumb Code   110  ff.o(.text)
    f_getlabel                               0x0800feed   Thumb Code   190  ff.o(.text)
    f_setlabel                               0x0800ffab   Thumb Code   482  ff.o(.text)
    f_mkfs                                   0x0801018d   Thumb Code  1578  ff.o(.text)
    f_gets                                   0x080107b7   Thumb Code    82  ff.o(.text)
    f_putc                                   0x0801084d   Thumb Code    64  ff.o(.text)
    f_puts                                   0x0801088d   Thumb Code    74  ff.o(.text)
    f_printf                                 0x080108d7   Thumb Code   674  ff.o(.text)
    exfuns_init                              0x08010b79   Thumb Code   114  exfuns.o(.text)
    char_upper                               0x08010beb   Thumb Code    26  exfuns.o(.text)
    f_typetell                               0x08010c05   Thumb Code   188  exfuns.o(.text)
    exf_getfree                              0x08010cc1   Thumb Code    74  exfuns.o(.text)
    ff_convert                               0x08010d21   Thumb Code   146  mycc936.o(.text)
    ff_wtoupper                              0x08010db3   Thumb Code    46  mycc936.o(.text)
    disk_status                              0x08010ded   Thumb Code     6  diskio.o(.text)
    disk_initialize                          0x08010df3   Thumb Code    52  diskio.o(.text)
    disk_read                                0x08010e27   Thumb Code   122  diskio.o(.text)
    disk_write                               0x08010ea1   Thumb Code   122  diskio.o(.text)
    disk_ioctl                               0x08010f1b   Thumb Code   170  diskio.o(.text)
    get_fattime                              0x08010fc5   Thumb Code     4  diskio.o(.text)
    ff_memalloc                              0x08010fc9   Thumb Code    14  diskio.o(.text)
    ff_memfree                               0x08010fd7   Thumb Code    14  diskio.o(.text)
    usmart_sys_cmd_exe                       0x08010fed   Thumb Code  1554  usmart.o(.text)
    usmart_reset_runtime                     0x080115ff   Thumb Code    38  usmart.o(.text)
    usmart_get_runtime                       0x08011625   Thumb Code    60  usmart.o(.text)
    TIM4_IRQHandler                          0x08011661   Thumb Code    46  usmart.o(.text)
    Timer4_Init                              0x0801168f   Thumb Code    88  usmart.o(.text)
    usmart_init                              0x080116e7   Thumb Code    36  usmart.o(.text)
    usmart_cmd_rec                           0x0801170b   Thumb Code   170  usmart.o(.text)
    usmart_exe                               0x080117b5   Thumb Code   870  usmart.o(.text)
    usmart_scan                              0x08011b1b   Thumb Code   120  usmart.o(.text)
    read_addr                                0x08011b93   Thumb Code     6  usmart.o(.text)
    write_addr                               0x08011b99   Thumb Code     4  usmart.o(.text)
    usmart_strcmp                            0x08011c25   Thumb Code    34  usmart_str.o(.text)
    usmart_strcopy                           0x08011c47   Thumb Code    22  usmart_str.o(.text)
    usmart_strlen                            0x08011c5d   Thumb Code    24  usmart_str.o(.text)
    usmart_pow                               0x08011c75   Thumb Code    22  usmart_str.o(.text)
    usmart_str2num                           0x08011c8b   Thumb Code   202  usmart_str.o(.text)
    usmart_get_cmdname                       0x08011d55   Thumb Code    54  usmart_str.o(.text)
    usmart_search_nextc                      0x08011d8b   Thumb Code    22  usmart_str.o(.text)
    usmart_get_fname                         0x08011da1   Thumb Code   440  usmart_str.o(.text)
    usmart_get_aparm                         0x08011f59   Thumb Code   200  usmart_str.o(.text)
    usmart_get_parmpos                       0x08012021   Thumb Code    26  usmart_str.o(.text)
    usmart_get_fparam                        0x0801203b   Thumb Code   262  usmart_str.o(.text)
    fupd_prog                                0x0801214d   Thumb Code   134  fontupd.o(.text)
    updata_fontx                             0x080121d3   Thumb Code   346  fontupd.o(.text)
    update_font                              0x0801232d   Thumb Code   882  fontupd.o(.text)
    font_init                                0x0801269f   Thumb Code    64  fontupd.o(.text)
    Get_HzMat                                0x0801271d   Thumb Code   220  text.o(.text)
    Show_Font                                0x080127f9   Thumb Code   190  text.o(.text)
    Show_Str                                 0x080128b7   Thumb Code   192  text.o(.text)
    Show_Str_Mid                             0x08012977   Thumb Code   106  text.o(.text)
    bc95_init                                0x080129f1   Thumb Code   322  bc95.o(.text)
    char2ascii                               0x08012b33   Thumb Code    48  bc95.o(.text)
    bc95_send_data                           0x08012b63   Thumb Code    94  bc95.o(.text)
    bc95_receive                             0x08012bc1   Thumb Code    78  bc95.o(.text)
    usart1_parameter_config                  0x08012e71   Thumb Code    42  mcu_config.o(.text)
    usart1_gpio_config                       0x08012e9b   Thumb Code    70  mcu_config.o(.text)
    usart1_init_config                       0x08012ee1   Thumb Code    40  mcu_config.o(.text)
    usart2_parameter_config                  0x08012f09   Thumb Code    42  mcu_config.o(.text)
    usart2_gpio_config                       0x08012f33   Thumb Code    72  mcu_config.o(.text)
    usart2_init_config                       0x08012f7b   Thumb Code    40  mcu_config.o(.text)
    timer_parameter_config                   0x08012fa3   Thumb Code    48  mcu_config.o(.text)
    timer_init_config                        0x08012fd3   Thumb Code    26  mcu_config.o(.text)
    nvic_init_config                         0x08012fed   Thumb Code   112  mcu_config.o(.text)
    led_gpio_config                          0x0801305d   Thumb Code    46  mcu_config.o(.text)
    fputc                                    0x0801308b   Thumb Code    32  mcu_config.o(.text)
    clear_bc95_buf                           0x080130ab   Thumb Code    18  mcu_config.o(.text)
    find_string                              0x080130bd   Thumb Code    22  mcu_config.o(.text)
    bc95_send_string                         0x080130d3   Thumb Code    38  mcu_config.o(.text)
    bc95_send_cmd                            0x080130f9   Thumb Code    70  mcu_config.o(.text)
    str_delim                                0x0801313f   Thumb Code    56  mcu_config.o(.text)
    systick_init_config                      0x08013195   Thumb Code   108  systick.o(.text)
    delay_s                                  0x08013201   Thumb Code    38  systick.o(.text)
    SysTickDelayTime_Counter                 0x08013227   Thumb Code    18  systick.o(.text)
    __aeabi_ldivmod                          0x08013249   Thumb Code    98  ldiv.o(.text)
    __aeabi_memcpy                           0x080132ab   Thumb Code    36  memcpya.o(.text)
    __aeabi_memcpy4                          0x080132ab   Thumb Code     0  memcpya.o(.text)
    __aeabi_memcpy8                          0x080132ab   Thumb Code     0  memcpya.o(.text)
    __aeabi_memset                           0x080132cf   Thumb Code    14  memseta.o(.text)
    __aeabi_memset4                          0x080132cf   Thumb Code     0  memseta.o(.text)
    __aeabi_memset8                          0x080132cf   Thumb Code     0  memseta.o(.text)
    __aeabi_memclr                           0x080132dd   Thumb Code     4  memseta.o(.text)
    __aeabi_memclr4                          0x080132dd   Thumb Code     0  memseta.o(.text)
    __aeabi_memclr8                          0x080132dd   Thumb Code     0  memseta.o(.text)
    _memset$wrapper                          0x080132e1   Thumb Code    18  memseta.o(.text)
    strcat                                   0x080132f3   Thumb Code    24  strcat.o(.text)
    strstr                                   0x0801330b   Thumb Code    36  strstr.o(.text)
    strlen                                   0x0801332f   Thumb Code    14  strlen.o(.text)
    strcmp                                   0x0801333d   Thumb Code    28  strcmp.o(.text)
    strcpy                                   0x08013359   Thumb Code    18  strcpy.o(.text)
    strtok                                   0x0801336d   Thumb Code    62  strtok.o(.text)
    __aeabi_fadd                             0x080133b1   Thumb Code   164  fadd.o(.text)
    __aeabi_fsub                             0x08013455   Thumb Code     6  fadd.o(.text)
    __aeabi_frsub                            0x0801345b   Thumb Code     6  fadd.o(.text)
    __aeabi_fmul                             0x08013461   Thumb Code   100  fmul.o(.text)
    __aeabi_fdiv                             0x080134c5   Thumb Code   124  fdiv.o(.text)
    __aeabi_dadd                             0x08013541   Thumb Code   322  dadd.o(.text)
    __aeabi_dsub                             0x08013683   Thumb Code     6  dadd.o(.text)
    __aeabi_drsub                            0x08013689   Thumb Code     6  dadd.o(.text)
    __aeabi_dmul                             0x0801368f   Thumb Code   228  dmul.o(.text)
    __aeabi_i2f                              0x08013773   Thumb Code    18  fflti.o(.text)
    __aeabi_ui2f                             0x08013785   Thumb Code    10  ffltui.o(.text)
    __aeabi_i2d                              0x0801378f   Thumb Code    34  dflti.o(.text)
    __aeabi_ui2d                             0x080137b1   Thumb Code    26  dfltui.o(.text)
    __aeabi_f2iz                             0x080137cb   Thumb Code    50  ffixi.o(.text)
    __aeabi_f2uiz                            0x080137fd   Thumb Code    40  ffixui.o(.text)
    __aeabi_d2uiz                            0x08013825   Thumb Code    50  dfixui.o(.text)
    __aeabi_f2d                              0x08013857   Thumb Code    38  f2d.o(.text)
    __aeabi_cdcmpeq                          0x0801387d   Thumb Code     0  cdcmple.o(.text)
    __aeabi_cdcmple                          0x0801387d   Thumb Code    48  cdcmple.o(.text)
    __aeabi_cdrcmple                         0x080138ad   Thumb Code    48  cdrcmple.o(.text)
    __aeabi_cfcmpeq                          0x080138dd   Thumb Code     0  cfcmple.o(.text)
    __aeabi_cfcmple                          0x080138dd   Thumb Code    20  cfcmple.o(.text)
    __aeabi_uidiv                            0x080138f1   Thumb Code     0  uidiv.o(.text)
    __aeabi_uidivmod                         0x080138f1   Thumb Code    44  uidiv.o(.text)
    __aeabi_uldivmod                         0x0801391d   Thumb Code    98  uldiv.o(.text)
    __aeabi_llsl                             0x0801397f   Thumb Code    30  llshl.o(.text)
    _ll_shift_l                              0x0801397f   Thumb Code     0  llshl.o(.text)
    __aeabi_llsr                             0x0801399d   Thumb Code    32  llushr.o(.text)
    _ll_ushift_r                             0x0801399d   Thumb Code     0  llushr.o(.text)
    __aeabi_lasr                             0x080139bd   Thumb Code    36  llsshr.o(.text)
    _ll_sshift_r                             0x080139bd   Thumb Code     0  llsshr.o(.text)
    __I$use$fp                               0x080139e1   Thumb Code     0  iusefp.o(.text)
    _float_round                             0x080139e1   Thumb Code    18  fepilogue.o(.text)
    _float_epilogue                          0x080139f3   Thumb Code    92  fepilogue.o(.text)
    _double_round                            0x08013a4f   Thumb Code    30  depilogue.o(.text)
    _double_epilogue                         0x08013a6d   Thumb Code   156  depilogue.o(.text)
    __aeabi_ddiv                             0x08013b09   Thumb Code   222  ddiv.o(.text)
    _dsqrt                                   0x08013be7   Thumb Code   162  dsqrt.o(.text)
    __aeabi_d2ulz                            0x08013c89   Thumb Code    48  dfixul.o(.text)
    __scatterload                            0x08013cb9   Thumb Code    28  init.o(.text)
    __scatterload_rt2                        0x08013cb9   Thumb Code     0  init.o(.text)
    __decompress                             0x08013cdd   Thumb Code     0  __dczerorl2.o(.text)
    __decompress1                            0x08013cdd   Thumb Code    86  __dczerorl2.o(.text)
    __0printf$8                              0x08013d35   Thumb Code    22  printf8.o(i.__0printf$8)
    __1printf$8                              0x08013d35   Thumb Code     0  printf8.o(i.__0printf$8)
    __2printf                                0x08013d35   Thumb Code     0  printf8.o(i.__0printf$8)
    __0sprintf$8                             0x08013d55   Thumb Code    34  printf8.o(i.__0sprintf$8)
    __1sprintf$8                             0x08013d55   Thumb Code     0  printf8.o(i.__0sprintf$8)
    __2sprintf                               0x08013d55   Thumb Code     0  printf8.o(i.__0sprintf$8)
    __0vsprintf                              0x08013d7d   Thumb Code    30  printfa.o(i.__0vsprintf)
    __1vsprintf                              0x08013d7d   Thumb Code     0  printfa.o(i.__0vsprintf)
    __2vsprintf                              0x08013d7d   Thumb Code     0  printfa.o(i.__0vsprintf)
    __c89vsprintf                            0x08013d7d   Thumb Code     0  printfa.o(i.__0vsprintf)
    vsprintf                                 0x08013d7d   Thumb Code     0  printfa.o(i.__0vsprintf)
    __scatterload_copy                       0x08013da1   Thumb Code    14  handlers.o(i.__scatterload_copy)
    __scatterload_null                       0x08013daf   Thumb Code     2  handlers.o(i.__scatterload_null)
    __scatterload_zeroinit                   0x08013db1   Thumb Code    14  handlers.o(i.__scatterload_zeroinit)
    __set_errno                              0x08013dc1   Thumb Code     6  errno.o(i.__set_errno)
    sqrt                                     0x08014ad5   Thumb Code    76  sqrt.o(i.sqrt)
    asc2_1206                                0x08014b20   Data        1140  lcd.o(.constdata)
    asc2_1608                                0x08014f94   Data        1520  lcd.o(.constdata)
    asc2_2412                                0x08015584   Data        3420  lcd.o(.constdata)
    OTT_TPX_TBL                              0x080162e0   Data          10  ott2001a.o(.constdata)
    FT5206_TPX_TBL                           0x080162ea   Data          10  ft5206.o(.constdata)
    GT9147_CFG_TBL                           0x080162f4   Data         184  gt9147.o(.constdata)
    GT9147_TPX_TBL                           0x080163ac   Data          10  gt9147.o(.constdata)
    TP_REMIND_MSG_TBL                        0x080163b8   Data           4  touch.o(.constdata)
    memtblsize                               0x080163bc   Data           8  malloc.o(.constdata)
    memblksize                               0x080163c4   Data           8  malloc.o(.constdata)
    memsize                                  0x080163cc   Data           8  malloc.o(.constdata)
    FILE_TYPE_TBL                            0x08016410   Data         312  exfuns.o(.constdata)
    GBK24_PATH                               0x08016908   Data           4  fontupd.o(.constdata)
    GBK16_PATH                               0x0801690c   Data           4  fontupd.o(.constdata)
    GBK12_PATH                               0x08016910   Data           4  fontupd.o(.constdata)
    UNIGBK_PATH                              0x08016914   Data           4  fontupd.o(.constdata)
    Region$$Table$$Base                      0x08016c04   Number         0  anon$$obj.o(Region$$Table)
    Region$$Table$$Limit                     0x08016c24   Number         0  anon$$obj.o(Region$$Table)
    ValidN                                   0x20000000   Data           2  main.o(.data)
    kbd_tbl                                  0x20000004   Data           4  main.o(.data)
    kbd_menu                                 0x20000008   Data          60  main.o(.data)
    kbd_delFR                                0x20000044   Data          60  main.o(.data)
    temperature                              0x20000080   Data           1  main.o(.data)
    humidity                                 0x20000081   Data           1  main.o(.data)
    flag_a                                   0x20000082   Data           1  main.o(.data)
    flag                                     0x20000084   Data           4  main.o(.data)
    SystemCoreClock                          0x2000008c   Data           4  system_stm32f10x.o(.data)
    AHBPrescTable                            0x20000090   Data          16  system_stm32f10x.o(.data)
    POINT_COLOR                              0x200000a2   Data           2  lcd.o(.data)
    BACK_COLOR                               0x200000a4   Data           2  lcd.o(.data)
    W25QXX_TYPE                              0x200000a6   Data           2  w25qxx.o(.data)
    tp_dev                                   0x200000ac   Data          52  touch.o(.data)
    CMD_RDX                                  0x200000e0   Data           1  touch.o(.data)
    CMD_RDY                                  0x200000e1   Data           1  touch.o(.data)
    USART2_RX_STA                            0x200000e2   Data           2  usart2.o(.data)
    AS608Addr                                0x200000e4   Data           4  as608.o(.data)
    TransferError                            0x200000f2   Data           1  sdio_sdcard.o(.data)
    TransferEnd                              0x200000f3   Data           1  sdio_sdcard.o(.data)
    tempbuff                                 0x200000f4   Data           4  sdio_sdcard.o(.data)
    USART3_RX_STA                            0x200000f8   Data           2  usart3.o(.data)
    __stdout                                 0x20000100   Data           4  usart.o(.data)
    USART_RX_STA                             0x20000104   Data           2  usart.o(.data)
    mallco_dev                               0x2000011c   Data          28  malloc.o(.data)
    fs                                       0x20000144   Data           8  exfuns.o(.data)
    file                                     0x2000014c   Data           4  exfuns.o(.data)
    ftemp                                    0x20000150   Data           4  exfuns.o(.data)
    br                                       0x20000154   Data           4  exfuns.o(.data)
    bw                                       0x20000158   Data           4  exfuns.o(.data)
    fatbuf                                   0x2000015c   Data           4  exfuns.o(.data)
    FLASH_SECTOR_COUNT                       0x20000160   Data           2  diskio.o(.data)
    sys_cmd_tab                              0x20000164   Data          28  usmart.o(.data)
    usmart_nametab                           0x20000180   Data          48  usmart_config.o(.data)
    usmart_dev                               0x200001b0   Data         244  usmart_config.o(.data)
    buf_address                              0x200002a4   Data           1  mcu_config.o(.data)
    AS608Para                                0x200002b4   Data          12  main.o(.bss)
    transfer_stringWifi                      0x200002c0   Data         256  main.o(.bss)
    data                                     0x200003c0   Data         120  main.o(.bss)
    buf                                      0x20000438   Data         256  main.o(.bss)
    lcddev                                   0x20000538   Data          14  lcd.o(.bss)
    W25QXX_BUFFER                            0x20000546   Data        4096  w25qxx.o(.bss)
    USART2_RX_BUF                            0x20001546   Data         400  usart2.o(.bss)
    USART2_TX_BUF                            0x200016d6   Data         400  usart2.o(.bss)
    SDIO_InitStructure                       0x20001868   Data          24  sdio_sdcard.o(.bss)
    SDIO_CmdInitStructure                    0x20001880   Data          20  sdio_sdcard.o(.bss)
    SDIO_DataInitStructure                   0x20001894   Data          24  sdio_sdcard.o(.bss)
    SDCardInfo                               0x200018d0   Data          88  sdio_sdcard.o(.bss)
    SDIO_DATA_BUFFER                         0x20001928   Data         512  sdio_sdcard.o(.bss)
    USART3_RX_BUF                            0x20001b28   Data         600  usart3.o(.bss)
    USART3_TX_BUF                            0x20001d80   Data         600  usart3.o(.bss)
    USART_RX_BUF                             0x20001fd8   Data         200  usart.o(.bss)
    mem1base                                 0x200020a0   Data       40960  malloc.o(.bss)
    mem1mapbase                              0x2000c0a0   Data        2560  malloc.o(.bss)
    ftinfo                                   0x2000caa0   Data          33  fontupd.o(.bss)
    bc95_buf                                 0x2000cac1   Data         128  mcu_config.o(.bss)
    __initial_sp                             0x2000cf48   Data           0  startup_stm32f10x_hd.o(STACK)
    mem2base                                 0x68000000   Data       983040  malloc.o(.ARM.__AT_0x68000000)
    mem2mapbase                              0x680f0000   Data       61440  malloc.o(.ARM.__AT_0x680F0000)



==============================================================================

Memory Map of the image

  Image Entry point : 0x08000131

  Load Region LR_IROM1 (Base: 0x08000000, Size: 0x00016ed8, Max: 0x00080000, ABSOLUTE, COMPRESSED[0x00016d04])

    Execution Region ER_IROM1 (Base: 0x08000000, Size: 0x00016c24, Max: 0x00080000, ABSOLUTE)

    Base Addr    Size         Type   Attr      Idx    E Section Name        Object

    0x08000000   0x00000130   Data   RO          661    RESET               startup_stm32f10x_hd.o
    0x08000130   0x00000000   Code   RO         1195  * .ARM.Collect$$$$00000000  mc_w.l(entry.o)
    0x08000130   0x00000004   Code   RO         1515    .ARM.Collect$$$$00000001  mc_w.l(entry2.o)
    0x08000134   0x00000004   Code   RO         1518    .ARM.Collect$$$$00000004  mc_w.l(entry5.o)
    0x08000138   0x00000000   Code   RO         1520    .ARM.Collect$$$$00000008  mc_w.l(entry7b.o)
    0x08000138   0x00000000   Code   RO         1522    .ARM.Collect$$$$0000000A  mc_w.l(entry8b.o)
    0x08000138   0x00000008   Code   RO         1523    .ARM.Collect$$$$0000000B  mc_w.l(entry9a.o)
    0x08000140   0x00000000   Code   RO         1525    .ARM.Collect$$$$0000000D  mc_w.l(entry10a.o)
    0x08000140   0x00000000   Code   RO         1527    .ARM.Collect$$$$0000000F  mc_w.l(entry11a.o)
    0x08000140   0x00000004   Code   RO         1516    .ARM.Collect$$$$00002712  mc_w.l(entry2.o)
    0x08000144   0x00000dd8   Code   RO            1    .text               main.o
    0x08000f1c   0x00000070   Code   RO          215    .text               stm32f10x_it.o
    0x08000f8c   0x000001e0   Code   RO          257    .text               system_stm32f10x.o
    0x0800116c   0x000000fc   Code   RO          275    .text               key.o
    0x08001268   0x00004a40   Code   RO          288    .text               lcd.o
    0x08005ca8   0x00000108   Code   RO          318    .text               spi.o
    0x08005db0   0x00000368   Code   RO          333    .text               w25qxx.o
    0x08006118   0x0000017a   Code   RO          352    .text               24cxx.o
    0x08006292   0x00000002   PAD
    0x08006294   0x0000036c   Code   RO          370    .text               ott2001a.o
    0x08006600   0x0000026c   Code   RO          389    .text               myiic.o
    0x0800686c   0x00000284   Code   RO          401    .text               ctiic.o
    0x08006af0   0x00000338   Code   RO          413    .text               ft5206.o
    0x08006e28   0x00000458   Code   RO          429    .text               gt9147.o
    0x08007280   0x00000fb4   Code   RO          445    .text               touch.o
    0x08008234   0x0000008c   Code   RO          469    .text               timer.o
    0x080082c0   0x00000038   Code   RO          482    .text               beep.o
    0x080082f8   0x0000017c   Code   RO          494    .text               usart2.o
    0x08008474   0x000009fc   Code   RO          520    .text               as608.o
    0x08008e70   0x00001c30   Code   RO          545    .text               sdio_sdcard.o
    0x0800aaa0   0x000001d4   Code   RO          564    .text               usart3.o
    0x0800ac74   0x000001b0   Code   RO          583    .text               dht11.o
    0x0800ae24   0x000000d4   Code   RO          595    .text               delay.o
    0x0800aef8   0x0000000c   Code   RO          610    .text               sys.o
    0x0800af04   0x00000024   Code   RO          662    .text               startup_stm32f10x_hd.o
    0x0800af28   0x000000dc   Code   RO          666    .text               misc.o
    0x0800b004   0x0000060c   Code   RO          678    .text               stm32f10x_fsmc.o
    0x0800b610   0x0000035c   Code   RO          690    .text               stm32f10x_gpio.o
    0x0800b96c   0x000003a4   Code   RO          702    .text               stm32f10x_rcc.o
    0x0800bd10   0x0000030c   Code   RO          716    .text               stm32f10x_spi.o
    0x0800c01c   0x00000408   Code   RO          728    .text               stm32f10x_usart.o
    0x0800c424   0x00000e1a   Code   RO          740    .text               stm32f10x_tim.o
    0x0800d23e   0x00000002   PAD
    0x0800d240   0x000001d4   Code   RO          752    .text               stm32f10x_sdio.o
    0x0800d414   0x00000254   Code   RO          764    .text               stm32f10x_dma.o
    0x0800d668   0x0000022c   Code   RO          944    .text               malloc.o
    0x0800d894   0x000032e4   Code   RO          966    .text               ff.o
    0x08010b78   0x000001a8   Code   RO          987    .text               exfuns.o
    0x08010d20   0x000000cc   Code   RO         1027    .text               mycc936.o
    0x08010dec   0x00000200   Code   RO         1040    .text               diskio.o
    0x08010fec   0x00000c38   Code   RO         1055    .text               usmart.o
    0x08011c24   0x00000528   Code   RO         1088    .text               usmart_str.o
    0x0801214c   0x000005d0   Code   RO         1100    .text               fontupd.o
    0x0801271c   0x000002d4   Code   RO         1124    .text               text.o
    0x080129f0   0x00000480   Code   RO         1136    .text               bc95.o
    0x08012e70   0x00000324   Code   RO         1153    .text               mcu_config.o
    0x08013194   0x000000b4   Code   RO         1169    .text               systick.o
    0x08013248   0x00000062   Code   RO         1198    .text               mc_w.l(ldiv.o)
    0x080132aa   0x00000024   Code   RO         1200    .text               mc_w.l(memcpya.o)
    0x080132ce   0x00000024   Code   RO         1202    .text               mc_w.l(memseta.o)
    0x080132f2   0x00000018   Code   RO         1204    .text               mc_w.l(strcat.o)
    0x0801330a   0x00000024   Code   RO         1206    .text               mc_w.l(strstr.o)
    0x0801332e   0x0000000e   Code   RO         1208    .text               mc_w.l(strlen.o)
    0x0801333c   0x0000001c   Code   RO         1210    .text               mc_w.l(strcmp.o)
    0x08013358   0x00000012   Code   RO         1212    .text               mc_w.l(strcpy.o)
    0x0801336a   0x00000002   PAD
    0x0801336c   0x00000044   Code   RO         1214    .text               mc_w.l(strtok.o)
    0x080133b0   0x000000b0   Code   RO         1483    .text               mf_w.l(fadd.o)
    0x08013460   0x00000064   Code   RO         1485    .text               mf_w.l(fmul.o)
    0x080134c4   0x0000007c   Code   RO         1487    .text               mf_w.l(fdiv.o)
    0x08013540   0x0000014e   Code   RO         1489    .text               mf_w.l(dadd.o)
    0x0801368e   0x000000e4   Code   RO         1491    .text               mf_w.l(dmul.o)
    0x08013772   0x00000012   Code   RO         1493    .text               mf_w.l(fflti.o)
    0x08013784   0x0000000a   Code   RO         1495    .text               mf_w.l(ffltui.o)
    0x0801378e   0x00000022   Code   RO         1497    .text               mf_w.l(dflti.o)
    0x080137b0   0x0000001a   Code   RO         1499    .text               mf_w.l(dfltui.o)
    0x080137ca   0x00000032   Code   RO         1501    .text               mf_w.l(ffixi.o)
    0x080137fc   0x00000028   Code   RO         1503    .text               mf_w.l(ffixui.o)
    0x08013824   0x00000032   Code   RO         1505    .text               mf_w.l(dfixui.o)
    0x08013856   0x00000026   Code   RO         1507    .text               mf_w.l(f2d.o)
    0x0801387c   0x00000030   Code   RO         1509    .text               mf_w.l(cdcmple.o)
    0x080138ac   0x00000030   Code   RO         1511    .text               mf_w.l(cdrcmple.o)
    0x080138dc   0x00000014   Code   RO         1513    .text               mf_w.l(cfcmple.o)
    0x080138f0   0x0000002c   Code   RO         1529    .text               mc_w.l(uidiv.o)
    0x0801391c   0x00000062   Code   RO         1531    .text               mc_w.l(uldiv.o)
    0x0801397e   0x0000001e   Code   RO         1533    .text               mc_w.l(llshl.o)
    0x0801399c   0x00000020   Code   RO         1535    .text               mc_w.l(llushr.o)
    0x080139bc   0x00000024   Code   RO         1537    .text               mc_w.l(llsshr.o)
    0x080139e0   0x00000000   Code   RO         1546    .text               mc_w.l(iusefp.o)
    0x080139e0   0x0000006e   Code   RO         1547    .text               mf_w.l(fepilogue.o)
    0x08013a4e   0x000000ba   Code   RO         1549    .text               mf_w.l(depilogue.o)
    0x08013b08   0x000000de   Code   RO         1551    .text               mf_w.l(ddiv.o)
    0x08013be6   0x000000a2   Code   RO         1553    .text               mf_w.l(dsqrt.o)
    0x08013c88   0x00000030   Code   RO         1555    .text               mf_w.l(dfixul.o)
    0x08013cb8   0x00000024   Code   RO         1557    .text               mc_w.l(init.o)
    0x08013cdc   0x00000056   Code   RO         1567    .text               mc_w.l(__dczerorl2.o)
    0x08013d32   0x00000002   PAD
    0x08013d34   0x00000020   Code   RO         1429    i.__0printf$8       mc_w.l(printf8.o)
    0x08013d54   0x00000028   Code   RO         1431    i.__0sprintf$8      mc_w.l(printf8.o)
    0x08013d7c   0x00000024   Code   RO         1461    i.__0vsprintf       mc_w.l(printfa.o)
    0x08013da0   0x0000000e   Code   RO         1561    i.__scatterload_copy  mc_w.l(handlers.o)
    0x08013dae   0x00000002   Code   RO         1562    i.__scatterload_null  mc_w.l(handlers.o)
    0x08013db0   0x0000000e   Code   RO         1563    i.__scatterload_zeroinit  mc_w.l(handlers.o)
    0x08013dbe   0x00000002   PAD
    0x08013dc0   0x0000000c   Code   RO         1541    i.__set_errno       mc_w.l(errno.o)
    0x08013dcc   0x00000164   Code   RO         1462    i._fp_digits        mc_w.l(printfa.o)
    0x08013f30   0x00000410   Code   RO         1436    i._printf_core      mc_w.l(printf8.o)
    0x08014340   0x000006dc   Code   RO         1463    i._printf_core      mc_w.l(printfa.o)
    0x08014a1c   0x00000024   Code   RO         1437    i._printf_post_padding  mc_w.l(printf8.o)
    0x08014a40   0x00000024   Code   RO         1464    i._printf_post_padding  mc_w.l(printfa.o)
    0x08014a64   0x0000002e   Code   RO         1438    i._printf_pre_padding  mc_w.l(printf8.o)
    0x08014a92   0x0000002e   Code   RO         1465    i._printf_pre_padding  mc_w.l(printfa.o)
    0x08014ac0   0x0000000a   Code   RO         1440    i._sputc            mc_w.l(printf8.o)
    0x08014aca   0x0000000a   Code   RO         1467    i._sputc            mc_w.l(printfa.o)
    0x08014ad4   0x0000004c   Code   RO         1188    i.sqrt              m_ws.l(sqrt.o)
    0x08014b20   0x000017c0   Data   RO          290    .constdata          lcd.o
    0x080162e0   0x0000000a   Data   RO          371    .constdata          ott2001a.o
    0x080162ea   0x0000000a   Data   RO          414    .constdata          ft5206.o
    0x080162f4   0x000000c2   Data   RO          430    .constdata          gt9147.o
    0x080163b6   0x00000002   PAD
    0x080163b8   0x00000004   Data   RO          446    .constdata          touch.o
    0x080163bc   0x00000018   Data   RO          948    .constdata          malloc.o
    0x080163d4   0x0000003a   Data   RO          967    .constdata          ff.o
    0x0801640e   0x00000002   PAD
    0x08016410   0x00000138   Data   RO          989    .constdata          exfuns.o
    0x08016548   0x000003c0   Data   RO         1028    .constdata          mycc936.o
    0x08016908   0x00000010   Data   RO         1102    .constdata          fontupd.o
    0x08016918   0x0000005d   Data   RO            3    .conststring        main.o
    0x08016975   0x00000003   PAD
    0x08016978   0x00000079   Data   RO          447    .conststring        touch.o
    0x080169f1   0x00000003   PAD
    0x080169f4   0x00000060   Data   RO          990    .conststring        exfuns.o
    0x08016a54   0x00000028   Data   RO         1056    .conststring        usmart.o
    0x08016a7c   0x00000127   Data   RO         1071    .conststring        usmart_config.o
    0x08016ba3   0x00000001   PAD
    0x08016ba4   0x0000005f   Data   RO         1103    .conststring        fontupd.o
    0x08016c03   0x00000001   PAD
    0x08016c04   0x00000020   Data   RO         1559    Region$$Table       anon$$obj.o


    Execution Region RW_IRAM1 (Base: 0x20000000, Size: 0x0000cf48, Max: 0x00010000, ABSOLUTE, COMPRESSED[0x000000e0])

    Base Addr    Size         Type   Attr      Idx    E Section Name        Object

    0x20000000   0x00000089   Data   RW            4    .data               main.o
    0x20000089   0x00000003   PAD
    0x2000008c   0x00000014   Data   RW          258    .data               system_stm32f10x.o
    0x200000a0   0x00000001   Data   RW          276    .data               key.o
    0x200000a1   0x00000001   PAD
    0x200000a2   0x00000004   Data   RW          291    .data               lcd.o
    0x200000a6   0x00000002   Data   RW          335    .data               w25qxx.o
    0x200000a8   0x00000001   Data   RW          372    .data               ott2001a.o
    0x200000a9   0x00000001   Data   RW          415    .data               ft5206.o
    0x200000aa   0x00000001   Data   RW          431    .data               gt9147.o
    0x200000ab   0x00000001   PAD
    0x200000ac   0x00000036   Data   RW          448    .data               touch.o
    0x200000e2   0x00000002   Data   RW          496    .data               usart2.o
    0x200000e4   0x00000004   Data   RW          521    .data               as608.o
    0x200000e8   0x00000010   Data   RW          547    .data               sdio_sdcard.o
    0x200000f8   0x00000002   Data   RW          566    .data               usart3.o
    0x200000fa   0x00000004   Data   RW          596    .data               delay.o
    0x200000fe   0x00000002   PAD
    0x20000100   0x00000006   Data   RW          628    .data               usart.o
    0x20000106   0x00000014   Data   RW          703    .data               stm32f10x_rcc.o
    0x2000011a   0x00000002   PAD
    0x2000011c   0x0000001c   Data   RW          949    .data               malloc.o
    0x20000138   0x0000000a   Data   RW          968    .data               ff.o
    0x20000142   0x00000002   PAD
    0x20000144   0x0000001c   Data   RW          991    .data               exfuns.o
    0x20000160   0x00000002   Data   RW         1041    .data               diskio.o
    0x20000162   0x00000002   PAD
    0x20000164   0x0000001c   Data   RW         1057    .data               usmart.o
    0x20000180   0x00000124   Data   RW         1072    .data               usmart_config.o
    0x200002a4   0x00000001   Data   RW         1155    .data               mcu_config.o
    0x200002a5   0x00000003   PAD
    0x200002a8   0x00000004   Data   RW         1170    .data               systick.o
    0x200002ac   0x00000004   Data   RW         1215    .data               mc_w.l(strtok.o)
    0x200002b0   0x00000004   Data   RW         1542    .data               mc_w.l(errno.o)
    0x200002b4   0x00000284   Zero   RW            2    .bss                main.o
    0x20000538   0x0000000e   Zero   RW          289    .bss                lcd.o
    0x20000546   0x00001000   Zero   RW          334    .bss                w25qxx.o
    0x20001546   0x00000320   Zero   RW          495    .bss                usart2.o
    0x20001866   0x00000002   PAD
    0x20001868   0x000002c0   Zero   RW          546    .bss                sdio_sdcard.o
    0x20001b28   0x000004b0   Zero   RW          565    .bss                usart3.o
    0x20001fd8   0x000000c8   Zero   RW          627    .bss                usart.o
    0x200020a0   0x0000aa00   Zero   RW          947    .bss                malloc.o
    0x2000caa0   0x00000021   Zero   RW         1101    .bss                fontupd.o
    0x2000cac1   0x00000080   Zero   RW         1154    .bss                mcu_config.o
    0x2000cb41   0x00000007   PAD
    0x2000cb48   0x00000400   Zero   RW          659    STACK               startup_stm32f10x_hd.o



  Load Region LR$$.ARM.__AT_0x68000000 (Base: 0x68000000, Size: 0x00000000, Max: 0x000f0000, ABSOLUTE)

    Execution Region ER$$.ARM.__AT_0x68000000 (Base: 0x68000000, Size: 0x000f0000, Max: 0x000f0000, ABSOLUTE, UNINIT)

    Base Addr    Size         Type   Attr      Idx    E Section Name        Object

    0x68000000   0x000f0000   Zero   RW          945    .ARM.__AT_0x68000000  malloc.o



  Load Region LR$$.ARM.__AT_0x680F0000 (Base: 0x680f0000, Size: 0x00000000, Max: 0x0000f000, ABSOLUTE)

    Execution Region ER$$.ARM.__AT_0x680F0000 (Base: 0x680f0000, Size: 0x0000f000, Max: 0x0000f000, ABSOLUTE, UNINIT)

    Base Addr    Size         Type   Attr      Idx    E Section Name        Object

    0x680f0000   0x0000f000   Zero   RW          946    .ARM.__AT_0x680F0000  malloc.o


==============================================================================

Image component sizes


      Code (inc. data)   RO Data    RW Data    ZI Data      Debug   Object Name

       378          0          0          0          0       2730   24cxx.o
      2556        560          0          4          0       8442   as608.o
      1152        610          0          0          0       1551   bc95.o
        56          6          0          0          0        528   beep.o
       644         24          0          0          0       2069   ctiic.o
       212         18          0          4          0       1103   delay.o
       432         20          0          0          0       2162   dht11.o
       512          8          0          2          0       3522   diskio.o
       424         22        408         28          0       2812   exfuns.o
     13028        144         58         10          0      37554   ff.o
      1488        158        111          0         33       4248   fontupd.o
       824         38         10          1          0       2603   ft5206.o
      1112         74        194          1          0       3110   gt9147.o
       252         12          0          1          0        872   key.o
     19008        144       6080          4         14      21834   lcd.o
      3544        610         93        137        644     295212   main.o
       556         18         24         28    1088000       4704   malloc.o
       804         30          0          1        128       4405   mcu_config.o
       220         22          0          0          0       1881   misc.o
       204         12        960          0          0       1665   mycc936.o
       620         14          0          0          0       1900   myiic.o
       876         56         10          1          0       2747   ott2001a.o
      7216        256          0         16        704      24572   sdio_sdcard.o
       264         10          0          0          0       1137   spi.o
        36          8        304          0       1024        808   startup_stm32f10x_hd.o
       596          8          0          0          0       4410   stm32f10x_dma.o
      1548         18          0          0          0       5427   stm32f10x_fsmc.o
       860         38          0          0          0       5725   stm32f10x_gpio.o
       112         14          0          0          0     204728   stm32f10x_it.o
       932         36          0         20          0       8936   stm32f10x_rcc.o
       468         22          0          0          0       7168   stm32f10x_sdio.o
       780         14          0          0          0       6606   stm32f10x_spi.o
      3610         88          0          0          0      22208   stm32f10x_tim.o
      1032         22          0          0          0       8452   stm32f10x_usart.o
        12          0          0          0          0        659   sys.o
       480         38          0         20          0       1863   system_stm32f10x.o
       180         16          0          4          0      16418   systick.o
       724         16          0          0          0       3036   text.o
       140          8          0          0          0        816   timer.o
      4020        222        125         54          0       6813   touch.o
         0          0          0          6        200       1940   usart.o
       380         28          0          2        800       2670   usart2.o
       468         34          0          2       1200       2170   usart3.o
      3128       1288         40         28          0       4438   usmart.o
         0          0        295        292          0       1632   usmart_config.o
      1320         12          0          0          0       5133   usmart_str.o
       872         30          0          2       4096       4445   w25qxx.o

    ----------------------------------------------------------------------
     78084       4826       8756        684    1096852     759864   Object Totals
         0          0         32          0          0          0   (incl. Generated)
         4          0         12         16          9          0   (incl. Padding)

    ----------------------------------------------------------------------

      Code (inc. data)   RO Data    RW Data    ZI Data      Debug   Library Member Name

        76          0          0          0          0         84   sqrt.o
        86          0          0          0          0          0   __dczerorl2.o
         0          0          0          0          0          0   entry.o
         0          0          0          0          0          0   entry10a.o
         0          0          0          0          0          0   entry11a.o
         8          4          0          0          0          0   entry2.o
         4          0          0          0          0          0   entry5.o
         0          0          0          0          0          0   entry7b.o
         0          0          0          0          0          0   entry8b.o
         8          4          0          0          0          0   entry9a.o
        12          6          0          4          0         68   errno.o
        30          0          0          0          0          0   handlers.o
        36          8          0          0          0         68   init.o
         0          0          0          0          0          0   iusefp.o
        98          0          0          0          0         84   ldiv.o
        30          0          0          0          0         68   llshl.o
        36          0          0          0          0         68   llsshr.o
        32          0          0          0          0         68   llushr.o
        36          0          0          0          0         68   memcpya.o
        36          0          0          0          0        108   memseta.o
      1204         60          0          0          0        504   printf8.o
      2240         86          0          0          0        508   printfa.o
        24          0          0          0          0         68   strcat.o
        28          0          0          0          0         76   strcmp.o
        18          0          0          0          0         68   strcpy.o
        14          0          0          0          0         68   strlen.o
        36          0          0          0          0         80   strstr.o
        68          6          0          4          0         80   strtok.o
        44          0          0          0          0         80   uidiv.o
        98          0          0          0          0         92   uldiv.o
        48          0          0          0          0         68   cdcmple.o
        48          0          0          0          0         68   cdrcmple.o
        20          0          0          0          0         68   cfcmple.o
       334          0          0          0          0        148   dadd.o
       222          0          0          0          0        100   ddiv.o
       186          0          0          0          0        176   depilogue.o
        50          0          0          0          0         76   dfixui.o
        48          0          0          0          0         68   dfixul.o
        34          0          0          0          0         76   dflti.o
        26          0          0          0          0         76   dfltui.o
       228          0          0          0          0         96   dmul.o
       162          0          0          0          0        100   dsqrt.o
        38          0          0          0          0         68   f2d.o
       176          0          0          0          0        140   fadd.o
       124          0          0          0          0         88   fdiv.o
       110          0          0          0          0        168   fepilogue.o
        50          0          0          0          0         68   ffixi.o
        40          0          0          0          0         68   ffixui.o
        18          0          0          0          0         68   fflti.o
        10          0          0          0          0         68   ffltui.o
       100          0          0          0          0         76   fmul.o

    ----------------------------------------------------------------------
      6380        174          0          8          0       4240   Library Totals
         6          0          0          0          0          0   (incl. Padding)

    ----------------------------------------------------------------------

      Code (inc. data)   RO Data    RW Data    ZI Data      Debug   Library Name

        76          0          0          0          0         84   m_ws.l
      4226        174          0          8          0       2224   mc_w.l
      2072          0          0          0          0       1932   mf_w.l

    ----------------------------------------------------------------------
      6380        174          0          8          0       4240   Library Totals

    ----------------------------------------------------------------------

==============================================================================


      Code (inc. data)   RO Data    RW Data    ZI Data      Debug   

     84464       5000       8756        692    1096852     758096   Grand Totals
     84464       5000       8756        224    1096852     758096   ELF Image Totals (compressed)
     84464       5000       8756        224          0          0   ROM Totals

==============================================================================

    Total RO  Size (Code + RO Data)                93220 (  91.04kB)
    Total RW  Size (RW Data + ZI Data)           1097544 (1071.82kB)
    Total ROM Size (Code + RO Data + RW Data)      93444 (  91.25kB)

==============================================================================

